Archive member included to satisfy reference by file (symbol)

d:/program files/gnu tools arm embedded/6 2017-q1-update/bin/../lib/gcc/arm-none-eabi/6.3.1/../../../../arm-none-eabi/lib/thumb/v7e-m\libg.a(lib_a-exit.o)
                              d:/program files/gnu tools arm embedded/6 2017-q1-update/bin/../lib/gcc/arm-none-eabi/6.3.1/../../../../arm-none-eabi/lib/thumb/v7e-m/crt0.o (exit)
d:/program files/gnu tools arm embedded/6 2017-q1-update/bin/../lib/gcc/arm-none-eabi/6.3.1/../../../../arm-none-eabi/lib/thumb/v7e-m\libg.a(lib_a-impure.o)
                              d:/program files/gnu tools arm embedded/6 2017-q1-update/bin/../lib/gcc/arm-none-eabi/6.3.1/../../../../arm-none-eabi/lib/thumb/v7e-m\libg.a(lib_a-exit.o) (_global_impure_ptr)
d:/program files/gnu tools arm embedded/6 2017-q1-update/bin/../lib/gcc/arm-none-eabi/6.3.1/../../../../arm-none-eabi/lib/thumb/v7e-m\libg.a(lib_a-init.o)
                              d:/program files/gnu tools arm embedded/6 2017-q1-update/bin/../lib/gcc/arm-none-eabi/6.3.1/../../../../arm-none-eabi/lib/thumb/v7e-m/crt0.o (__libc_init_array)
d:/program files/gnu tools arm embedded/6 2017-q1-update/bin/../lib/gcc/arm-none-eabi/6.3.1/../../../../arm-none-eabi/lib/thumb/v7e-m\libg.a(lib_a-memset.o)
                              d:/program files/gnu tools arm embedded/6 2017-q1-update/bin/../lib/gcc/arm-none-eabi/6.3.1/../../../../arm-none-eabi/lib/thumb/v7e-m/crt0.o (memset)
d:/program files/gnu tools arm embedded/6 2017-q1-update/bin/../lib/gcc/arm-none-eabi/6.3.1/../../../../arm-none-eabi/lib/thumb/v7e-m\libg.a(lib_a-__call_atexit.o)
                              d:/program files/gnu tools arm embedded/6 2017-q1-update/bin/../lib/gcc/arm-none-eabi/6.3.1/../../../../arm-none-eabi/lib/thumb/v7e-m\libg.a(lib_a-exit.o) (__call_exitprocs)
d:/program files/gnu tools arm embedded/6 2017-q1-update/bin/../lib/gcc/arm-none-eabi/6.3.1/../../../../arm-none-eabi/lib/thumb/v7e-m\libg.a(lib_a-atexit.o)
                              d:/program files/gnu tools arm embedded/6 2017-q1-update/bin/../lib/gcc/arm-none-eabi/6.3.1/../../../../arm-none-eabi/lib/thumb/v7e-m\libg.a(lib_a-__call_atexit.o) (atexit)
d:/program files/gnu tools arm embedded/6 2017-q1-update/bin/../lib/gcc/arm-none-eabi/6.3.1/../../../../arm-none-eabi/lib/thumb/v7e-m\libg.a(lib_a-fini.o)
                              d:/program files/gnu tools arm embedded/6 2017-q1-update/bin/../lib/gcc/arm-none-eabi/6.3.1/../../../../arm-none-eabi/lib/thumb/v7e-m\libg.a(lib_a-__call_atexit.o) (__libc_fini_array)
d:/program files/gnu tools arm embedded/6 2017-q1-update/bin/../lib/gcc/arm-none-eabi/6.3.1/../../../../arm-none-eabi/lib/thumb/v7e-m\libg.a(lib_a-lock.o)
                              d:/program files/gnu tools arm embedded/6 2017-q1-update/bin/../lib/gcc/arm-none-eabi/6.3.1/../../../../arm-none-eabi/lib/thumb/v7e-m\libg.a(lib_a-__call_atexit.o) (__retarget_lock_acquire_recursive)
d:/program files/gnu tools arm embedded/6 2017-q1-update/bin/../lib/gcc/arm-none-eabi/6.3.1/../../../../arm-none-eabi/lib/thumb/v7e-m\libg.a(lib_a-__atexit.o)
                              d:/program files/gnu tools arm embedded/6 2017-q1-update/bin/../lib/gcc/arm-none-eabi/6.3.1/../../../../arm-none-eabi/lib/thumb/v7e-m\libg.a(lib_a-atexit.o) (__register_exitproc)

Allocating common symbols
Common symbol       size              file

__lock___atexit_recursive_mutex
                    0x1               d:/program files/gnu tools arm embedded/6 2017-q1-update/bin/../lib/gcc/arm-none-eabi/6.3.1/../../../../arm-none-eabi/lib/thumb/v7e-m\libg.a(lib_a-lock.o)
__lock___arc4random_mutex
                    0x1               d:/program files/gnu tools arm embedded/6 2017-q1-update/bin/../lib/gcc/arm-none-eabi/6.3.1/../../../../arm-none-eabi/lib/thumb/v7e-m\libg.a(lib_a-lock.o)
uwTick              0x4               ./hallib/stm32f7xx_hal.o
__lock___env_recursive_mutex
                    0x1               d:/program files/gnu tools arm embedded/6 2017-q1-update/bin/../lib/gcc/arm-none-eabi/6.3.1/../../../../arm-none-eabi/lib/thumb/v7e-m\libg.a(lib_a-lock.o)
__lock___sinit_recursive_mutex
                    0x1               d:/program files/gnu tools arm embedded/6 2017-q1-update/bin/../lib/gcc/arm-none-eabi/6.3.1/../../../../arm-none-eabi/lib/thumb/v7e-m\libg.a(lib_a-lock.o)
__lock___malloc_recursive_mutex
                    0x1               d:/program files/gnu tools arm embedded/6 2017-q1-update/bin/../lib/gcc/arm-none-eabi/6.3.1/../../../../arm-none-eabi/lib/thumb/v7e-m\libg.a(lib_a-lock.o)
__lock___at_quick_exit_mutex
                    0x1               d:/program files/gnu tools arm embedded/6 2017-q1-update/bin/../lib/gcc/arm-none-eabi/6.3.1/../../../../arm-none-eabi/lib/thumb/v7e-m\libg.a(lib_a-lock.o)
__lock___dd_hash_mutex
[...]
Memory Configuration

Name             Origin             Length             Attributes
FLASH            0x08000000         0x00200000         xr
RAM              0x20000000         0x00050000         xrw
*default*        0x00000000         0xffffffff

Linker script and memory map

LOAD d:/program files/gnu tools arm embedded/6 2017-q1-update/bin/../lib/gcc/arm-none-eabi/6.3.1/thumb/v7e-m/crti.o
LOAD d:/program files/gnu tools arm embedded/6 2017-q1-update/bin/../lib/gcc/arm-none-eabi/6.3.1/thumb/v7e-m/crtbegin.o
LOAD d:/program files/gnu tools arm embedded/6 2017-q1-update/bin/../lib/gcc/arm-none-eabi/6.3.1/../../../../arm-none-eabi/lib/thumb/v7e-m/crt0.o
LOAD ./usr/main.o
LOAD ./hallib/stm32f7xx_hal.o
LOAD ./hallib/stm32f7xx_hal_cortex.o
LOAD ./hallib/stm32f7xx_hal_gpio.o
LOAD ./cmsis/startup_stm32f767xx.o
LOAD ./cmsis/system_stm32f7xx.o
START GROUP
LOAD d:/program files/gnu tools arm embedded/6 2017-q1-update/bin/../lib/gcc/arm-none-eabi/6.3.1/thumb/v7e-m\libgcc.a
LOAD d:/program files/gnu tools arm embedded/6 2017-q1-update/bin/../lib/gcc/arm-none-eabi/6.3.1/../../../../arm-none-eabi/lib/thumb/v7e-m\libg.a
LOAD d:/program files/gnu tools arm embedded/6 2017-q1-update/bin/../lib/gcc/arm-none-eabi/6.3.1/../../../../arm-none-eabi/lib/thumb/v7e-m\libc.a
END GROUP
LOAD d:/program files/gnu tools arm embedded/6 2017-q1-update/bin/../lib/gcc/arm-none-eabi/6.3.1/thumb/v7e-m/crtend.o
LOAD d:/program files/gnu tools arm embedded/6 2017-q1-update/bin/../lib/gcc/arm-none-eabi/6.3.1/thumb/v7e-m/crtn.o
                0x20050000                _estack = 0x20050000
                0x00000200                _Min_Heap_Size = 0x200
                0x00000400                _Min_Stack_Size = 0x400

.isr_vector     0x08000000      0x1f8
                0x08000000                . = ALIGN (0x4)
 *(.isr_vector)
 .isr_vector    0x08000000      0x1f8 ./cmsis/startup_stm32f767xx.o
                0x08000000                g_pfnVectors
                0x080001f8                . = ALIGN (0x4)

.text           0x080001f8      0x94c
                0x080001f8                . = ALIGN (0x4)
 *(.text)
 .text          0x080001f8       0x6c d:/program files/gnu tools arm embedded/6 2017-q1-update/bin/../lib/gcc/arm-none-eabi/6.3.1/thumb/v7e-m/crtbegin.o
 *(.text*)
 .text.LED_init
                0x08000264       0x48 ./usr/main.o
                0x08000264                LED_init
 .text.LED_on   0x080002ac       0x20 ./usr/main.o
                0x080002ac                LED_on
 .text.LED_off  0x080002cc       0x20 ./usr/main.o
                0x080002cc                LED_off
 .text.main     0x080002ec       0x26 ./usr/main.o
                0x080002ec                main
 *fill*         0x08000312        0x2 
 .text.HAL_Init
                0x08000314       0x2c ./hallib/stm32f7xx_hal.o
                0x08000314                HAL_Init
 .text.HAL_MspInit
                0x08000340        0xc ./hallib/stm32f7xx_hal.o
                0x08000340                HAL_MspInit
 .text.HAL_InitTick
                0x0800034c       0x38 ./hallib/stm32f7xx_hal.o
                0x0800034c                HAL_InitTick
 .text.HAL_GetTick
                0x08000384       0x14 ./hallib/stm32f7xx_hal.o
                0x08000384                HAL_GetTick
 .text.HAL_Delay
                0x08000398       0x2c ./hallib/stm32f7xx_hal.o
                0x08000398                HAL_Delay
 .text.NVIC_SetPriorityGrouping
                0x080003c4       0x48 ./hallib/stm32f7xx_hal_cortex.o
 .text.NVIC_GetPriorityGrouping
                0x0800040c       0x1c ./hallib/stm32f7xx_hal_cortex.o
 .text.NVIC_SetPriority
                0x08000428       0x54 ./hallib/stm32f7xx_hal_cortex.o
 .text.NVIC_EncodePriority
                0x0800047c       0x60 ./hallib/stm32f7xx_hal_cortex.o
 .text.SysTick_Config
                0x080004dc       0x44 ./hallib/stm32f7xx_hal_cortex.o
 .text.HAL_NVIC_SetPriorityGrouping
                0x08000520       0x16 ./hallib/stm32f7xx_hal_cortex.o
                0x08000520                HAL_NVIC_SetPriorityGrouping
 .text.HAL_NVIC_SetPriority
                0x08000536       0x38 ./hallib/stm32f7xx_hal_cortex.o
                0x08000536                HAL_NVIC_SetPriority
 .text.HAL_SYSTICK_Config
                0x0800056e       0x18 ./hallib/stm32f7xx_hal_cortex.o
                0x0800056e                HAL_SYSTICK_Config
 *fill*         0x08000586        0x2 
 .text.HAL_GPIO_Init
                0x08000588      0x354 ./hallib/stm32f7xx_hal_gpio.o
                0x08000588                HAL_GPIO_Init
 .text.HAL_GPIO_WritePin
                0x080008dc       0x30 ./hallib/stm32f7xx_hal_gpio.o
                0x080008dc                HAL_GPIO_WritePin
 .text.Reset_Handler
                0x0800090c       0x50 ./cmsis/startup_stm32f767xx.o
                0x0800090c                Reset_Handler
 .text.Default_Handler
                0x0800095c        0x2 ./cmsis/startup_stm32f767xx.o
                0x0800095c                RTC_Alarm_IRQHandler
                0x0800095c                EXTI2_IRQHandler
                0x0800095c                TIM8_CC_IRQHandler
                0x0800095c                DebugMon_Handler
                0x0800095c                UART8_IRQHandler
                0x0800095c                SPI4_IRQHandler
                0x0800095c                TIM1_CC_IRQHandler
                0x0800095c                DMA2_Stream5_IRQHandler
                0x0800095c                HardFault_Handler
                0x0800095c                JPEG_IRQHandler
                0x0800095c                DMA1_Stream5_IRQHandler
                0x0800095c                SysTick_Handler
                0x0800095c                CAN3_RX1_IRQHandler
                0x0800095c                PVD_IRQHandler
                0x0800095c                TAMP_STAMP_IRQHandler
                0x0800095c                PendSV_Handler
                0x0800095c                NMI_Handler
                0x0800095c                CAN2_RX1_IRQHandler
                0x0800095c                EXTI3_IRQHandler
                0x0800095c                TIM8_TRG_COM_TIM14_IRQHandler
                0x0800095c                DFSDM1_FLT1_IRQHandler
                0x0800095c                TIM1_UP_TIM10_IRQHandler
                0x0800095c                TIM8_UP_TIM13_IRQHandler
                0x0800095c                I2C3_ER_IRQHandler
                0x0800095c                DFSDM1_FLT2_IRQHandler
                0x0800095c                EXTI0_IRQHandler
                0x0800095c                I2C2_EV_IRQHandler
                0x0800095c                DMA1_Stream2_IRQHandler
                0x0800095c                CAN1_RX0_IRQHandler
                0x0800095c                FPU_IRQHandler
                0x0800095c                OTG_HS_WKUP_IRQHandler
                0x0800095c                CAN3_SCE_IRQHandler
                0x0800095c                UsageFault_Handler
                0x0800095c                LTDC_ER_IRQHandler
                0x0800095c                CAN2_SCE_IRQHandler
                0x0800095c                DMA2_Stream2_IRQHandler
                0x0800095c                SPI1_IRQHandler
                0x0800095c                TIM6_DAC_IRQHandler
                0x0800095c                TIM1_BRK_TIM9_IRQHandler
                0x0800095c                DCMI_IRQHandler
                0x0800095c                CAN2_RX0_IRQHandler
                0x0800095c                DMA2_Stream3_IRQHandler
                0x0800095c                SAI2_IRQHandler
                0x0800095c                DFSDM1_FLT3_IRQHandler
                0x0800095c                USART6_IRQHandler
                0x0800095c                CAN3_RX0_IRQHandler
                0x0800095c                USART3_IRQHandler
                0x0800095c                CAN1_RX1_IRQHandler
                0x0800095c                UART5_IRQHandler
                0x0800095c                DMA2_Stream0_IRQHandler
                0x0800095c                TIM4_IRQHandler
                0x0800095c                QUADSPI_IRQHandler
                0x0800095c                I2C1_EV_IRQHandler
                0x0800095c                DMA1_Stream6_IRQHandler
                0x0800095c                DMA1_Stream1_IRQHandler
                0x0800095c                UART4_IRQHandler
                0x0800095c                TIM3_IRQHandler
                0x0800095c                RCC_IRQHandler
                0x0800095c                TIM8_BRK_TIM12_IRQHandler
                0x0800095c                Default_Handler
                0x0800095c                CEC_IRQHandler
                0x0800095c                EXTI15_10_IRQHandler
                0x0800095c                ADC_IRQHandler
                0x0800095c                DMA1_Stream7_IRQHandler
                0x0800095c                SPI5_IRQHandler
                0x0800095c                TIM7_IRQHandler
                0x0800095c                SDMMC1_IRQHandler
                0x0800095c                CAN2_TX_IRQHandler
                0x0800095c                TIM5_IRQHandler
                0x0800095c                DMA2_Stream7_IRQHandler
                0x0800095c                I2C3_EV_IRQHandler
                0x0800095c                EXTI9_5_IRQHandler
                0x0800095c                RTC_WKUP_IRQHandler
                0x0800095c                LTDC_IRQHandler
                0x0800095c                ETH_WKUP_IRQHandler
                0x0800095c                SPDIF_RX_IRQHandler
                0x0800095c                SPI2_IRQHandler
                0x0800095c                OTG_HS_EP1_IN_IRQHandler
                0x0800095c                MemManage_Handler
                0x0800095c                DMA1_Stream0_IRQHandler
                0x0800095c                CAN1_TX_IRQHandler
                0x0800095c                SVC_Handler
                0x0800095c                EXTI4_IRQHandler
                0x0800095c                RNG_IRQHandler
                0x0800095c                ETH_IRQHandler
                0x0800095c                OTG_HS_EP1_OUT_IRQHandler
                0x0800095c                WWDG_IRQHandler
                0x0800095c                SPI6_IRQHandler
                0x0800095c                MDIOS_IRQHandler
                0x0800095c                I2C4_EV_IRQHandler
                0x0800095c                CAN3_TX_IRQHandler
                0x0800095c                TIM2_IRQHandler
                0x0800095c                OTG_FS_WKUP_IRQHandler
                0x0800095c                TIM1_TRG_COM_TIM11_IRQHandler
                0x0800095c                OTG_HS_IRQHandler
                0x0800095c                DMA2D_IRQHandler
                0x0800095c                EXTI1_IRQHandler
                0x0800095c                SDMMC2_IRQHandler
                0x0800095c                UART7_IRQHandler
                0x0800095c                USART2_IRQHandler
                0x0800095c                DFSDM1_FLT0_IRQHandler
                0x0800095c                I2C2_ER_IRQHandler
                0x0800095c                DMA2_Stream1_IRQHandler
                0x0800095c                CAN1_SCE_IRQHandler
                0x0800095c                FLASH_IRQHandler
                0x0800095c                DMA2_Stream4_IRQHandler
                0x0800095c                BusFault_Handler
                0x0800095c                USART1_IRQHandler
                0x0800095c                OTG_FS_IRQHandler
                0x0800095c                SPI3_IRQHandler
                0x0800095c                DMA1_Stream4_IRQHandler
                0x0800095c                I2C1_ER_IRQHandler
                0x0800095c                FMC_IRQHandler
                0x0800095c                LPTIM1_IRQHandler
                0x0800095c                I2C4_ER_IRQHandler
                0x0800095c                DMA2_Stream6_IRQHandler
                0x0800095c                SAI1_IRQHandler
                0x0800095c                DMA1_Stream3_IRQHandler
 *fill*         0x0800095e        0x2 
 .text.SystemInit
                0x08000960       0x5c ./cmsis/system_stm32f7xx.o
                0x08000960                SystemInit
 .text.__libc_init_array
                0x080009bc       0x50 d:/program files/gnu tools arm embedded/6 2017-q1-update/bin/../lib/gcc/arm-none-eabi/6.3.1/../../../../arm-none-eabi/lib/thumb/v7e-m\libg.a(lib_a-init.o)
                0x080009bc                __libc_init_array
 .text.startup.register_fini
                0x08000a0c       0x14 d:/program files/gnu tools arm embedded/6 2017-q1-update/bin/../lib/gcc/arm-none-eabi/6.3.1/../../../../arm-none-eabi/lib/thumb/v7e-m\libg.a(lib_a-__call_atexit.o)
 .text.atexit   0x08000a20        0xc d:/program files/gnu tools arm embedded/6 2017-q1-update/bin/../lib/gcc/arm-none-eabi/6.3.1/../../../../arm-none-eabi/lib/thumb/v7e-m\libg.a(lib_a-atexit.o)
                0x08000a20                atexit
 .text.__libc_fini_array
                0x08000a2c       0x34 d:/program files/gnu tools arm embedded/6 2017-q1-update/bin/../lib/gcc/arm-none-eabi/6.3.1/../../../../arm-none-eabi/lib/thumb/v7e-m\libg.a(lib_a-fini.o)
                0x08000a2c                __libc_fini_array
 .text.__retarget_lock_acquire_recursive
                0x08000a60        0x4 d:/program files/gnu tools arm embedded/6 2017-q1-update/bin/../lib/gcc/arm-none-eabi/6.3.1/../../../../arm-none-eabi/lib/thumb/v7e-m\libg.a(lib_a-lock.o)
                0x08000a60                __retarget_lock_acquire_recursive
 .text.__retarget_lock_release_recursive
                0x08000a64        0x4 d:/program files/gnu tools arm embedded/6 2017-q1-update/bin/../lib/gcc/arm-none-eabi/6.3.1/../../../../arm-none-eabi/lib/thumb/v7e-m\libg.a(lib_a-lock.o)
                0x08000a64                __retarget_lock_release_recursive
 .text.__register_exitproc
                0x08000a68       0xc4 d:/program files/gnu tools arm embedded/6 2017-q1-update/bin/../lib/gcc/arm-none-eabi/6.3.1/../../../../arm-none-eabi/lib/thumb/v7e-m\libg.a(lib_a-__atexit.o)
                0x08000a68                __register_exitproc
 *(.glue_7)
 .glue_7        0x08000b2c        0x0 linker stubs
 *(.glue_7t)
 .glue_7t       0x08000b2c        0x0 linker stubs
 *(.eh_frame)
 .eh_frame      0x08000b2c        0x0 d:/program files/gnu tools arm embedded/6 2017-q1-update/bin/../lib/gcc/arm-none-eabi/6.3.1/thumb/v7e-m/crtbegin.o
 *(.init)
 .init          0x08000b2c        0x4 d:/program files/gnu tools arm embedded/6 2017-q1-update/bin/../lib/gcc/arm-none-eabi/6.3.1/thumb/v7e-m/crti.o
                0x08000b2c                _init
 .init          0x08000b30        0x8 d:/program files/gnu tools arm embedded/6 2017-q1-update/bin/../lib/gcc/arm-none-eabi/6.3.1/thumb/v7e-m/crtn.o
 *(.fini)
 .fini          0x08000b38        0x4 d:/program files/gnu tools arm embedded/6 2017-q1-update/bin/../lib/gcc/arm-none-eabi/6.3.1/thumb/v7e-m/crti.o
                0x08000b38                _fini
 .fini          0x08000b3c        0x8 d:/program files/gnu tools arm embedded/6 2017-q1-update/bin/../lib/gcc/arm-none-eabi/6.3.1/thumb/v7e-m/crtn.o
                0x08000b44                . = ALIGN (0x4)
                0x08000b44                _etext = .

.vfp11_veneer   0x08000b44        0x0
 .vfp11_veneer  0x08000b44        0x0 linker stubs

.v4_bx          0x08000b44        0x0
 .v4_bx         0x08000b44        0x0 linker stubs

.iplt           0x08000b44        0x0
 .iplt          0x08000b44        0x0 d:/program files/gnu tools arm embedded/6 2017-q1-update/bin/../lib/gcc/arm-none-eabi/6.3.1/thumb/v7e-m/crtbegin.o

.rodata         0x08000b44        0x4
                0x08000b44                . = ALIGN (0x4)
 *(.rodata)
 *(.rodata*)
 .rodata._global_impure_ptr
                0x08000b44        0x4 d:/program files/gnu tools arm embedded/6 2017-q1-update/bin/../lib/gcc/arm-none-eabi/6.3.1/../../../../arm-none-eabi/lib/thumb/v7e-m\libg.a(lib_a-impure.o)
                0x08000b44                _global_impure_ptr
                0x08000b48                . = ALIGN (0x4)

.rel.dyn        0x08000b48        0x0
 .rel.iplt      0x08000b48        0x0 d:/program files/gnu tools arm embedded/6 2017-q1-update/bin/../lib/gcc/arm-none-eabi/6.3.1/thumb/v7e-m/crtbegin.o

.ARM.extab
 *(.ARM.extab* .gnu.linkonce.armextab.*)

.ARM            0x08000b48        0x0
                0x08000b48                __exidx_start = .
 *(.ARM.exidx*)
                0x08000b48                __exidx_end = .

.preinit_array  0x08000b48        0x0
                0x08000b48                PROVIDE (__preinit_array_start, .)
 *(.preinit_array*)
                0x08000b48                PROVIDE (__preinit_array_end, .)

.init_array     0x08000b48        0x8
                0x08000b48                PROVIDE (__init_array_start, .)
 *(SORT(.init_array.*))
 .init_array.00000
                0x08000b48        0x4 d:/program files/gnu tools arm embedded/6 2017-q1-update/bin/../lib/gcc/arm-none-eabi/6.3.1/../../../../arm-none-eabi/lib/thumb/v7e-m\libg.a(lib_a-__call_atexit.o)
 *(.init_array*)
 .init_array    0x08000b4c        0x4 d:/program files/gnu tools arm embedded/6 2017-q1-update/bin/../lib/gcc/arm-none-eabi/6.3.1/thumb/v7e-m/crtbegin.o
                0x08000b50                PROVIDE (__init_array_end, .)

.fini_array     0x08000b50        0x4
                0x08000b50                PROVIDE (__fini_array_start, .)
 *(SORT(.fini_array.*))
 *(.fini_array*)
 .fini_array    0x08000b50        0x4 d:/program files/gnu tools arm embedded/6 2017-q1-update/bin/../lib/gcc/arm-none-eabi/6.3.1/thumb/v7e-m/crtbegin.o
                0x08000b54                PROVIDE (__fini_array_end, .)
                0x08000b54                _sidata = LOADADDR (.data)

.data           0x20000000      0x434 load address 0x08000b54
                0x20000000                . = ALIGN (0x4)
                0x20000000                _sdata = .
 *(.data)
 *(.data*)
 .data.SystemCoreClock
                0x20000000        0x4 ./cmsis/system_stm32f7xx.o
                0x20000000                SystemCoreClock
 *fill*         0x20000004        0x4 
 .data.impure_data
                0x20000008      0x428 d:/program files/gnu tools arm embedded/6 2017-q1-update/bin/../lib/gcc/arm-none-eabi/6.3.1/../../../../arm-none-eabi/lib/thumb/v7e-m\libg.a(lib_a-impure.o)
 .data.__atexit_recursive_mutex
                0x20000430        0x4 d:/program files/gnu tools arm embedded/6 2017-q1-update/bin/../lib/gcc/arm-none-eabi/6.3.1/../../../../arm-none-eabi/lib/thumb/v7e-m\libg.a(lib_a-__call_atexit.o)
                0x20000430                __atexit_recursive_mutex
                0x20000434                . = ALIGN (0x4)
                0x20000434                _edata = .

.jcr            0x20000434        0x0 load address 0x08000f88
 .jcr           0x20000434        0x0 d:/program files/gnu tools arm embedded/6 2017-q1-update/bin/../lib/gcc/arm-none-eabi/6.3.1/thumb/v7e-m/crtbegin.o

.igot.plt       0x20000434        0x0 load address 0x08000f88
 .igot.plt      0x20000434        0x0 d:/program files/gnu tools arm embedded/6 2017-q1-update/bin/../lib/gcc/arm-none-eabi/6.3.1/thumb/v7e-m/crtbegin.o
                0x20000434                . = ALIGN (0x4)

.bss            0x20000434       0x44 load address 0x08000f88
                0x20000434                _sbss = .
                0x20000434                __bss_start__ = _sbss
 *(.bss)
 .bss           0x20000434       0x1c d:/program files/gnu tools arm embedded/6 2017-q1-update/bin/../lib/gcc/arm-none-eabi/6.3.1/thumb/v7e-m/crtbegin.o
 *(.bss*)
 *(COMMON)
 COMMON         0x20000450        0x4 ./hallib/stm32f7xx_hal.o
                0x20000450                uwTick
 COMMON         0x20000454       0x21 d:/program files/gnu tools arm embedded/6 2017-q1-update/bin/../lib/gcc/arm-none-eabi/6.3.1/../../../../arm-none-eabi/lib/thumb/v7e-m\libg.a(lib_a-lock.o)
                0x20000454                __lock___atexit_recursive_mutex
                0x20000458                __lock___arc4random_mutex
                0x2000045c                __lock___env_recursive_mutex
                0x20000460                __lock___sinit_recursive_mutex
                0x20000464                __lock___malloc_recursive_mutex
                0x20000468                __lock___at_quick_exit_mutex
                0x2000046c                __lock___dd_hash_mutex
                0x20000470                __lock___tz_mutex
                0x20000474                __lock___sfp_recursive_mutex
                0x20000478                . = ALIGN (0x4)
 *fill*         0x20000475        0x3 
                0x20000478                _ebss = .
                0x20000478                __bss_end__ = _ebss

._user_heap_stack
                0x20000478      0x600 load address 0x08000f88
                0x20000478                . = ALIGN (0x8)
                [!provide]                PROVIDE (end, .)
                [!provide]                PROVIDE (_end, .)
                0x20000678                . = (. + _Min_Heap_Size)
 *fill*         0x20000478      0x200 
                0x20000a78                . = (. + _Min_Stack_Size)
 *fill*         0x20000678      0x400 
                0x20000a78                . = ALIGN (0x8)

/DISCARD/
 libc.a(*)
 libm.a(*)
 libgcc.a(*)

.ARM.attributes
                0x00000000       0x2a
 *(.ARM.attributes)
 .ARM.attributes
                0x00000000       0x1e d:/program files/gnu tools arm embedded/6 2017-q1-update/bin/../lib/gcc/arm-none-eabi/6.3.1/thumb/v7e-m/crti.o
 .ARM.attributes
                0x0000001e       0x2e d:/program files/gnu tools arm embedded/6 2017-q1-update/bin/../lib/gcc/arm-none-eabi/6.3.1/thumb/v7e-m/crtbegin.o
 .ARM.attributes
                0x0000004c       0x33 ./usr/main.o
 .ARM.attributes
                0x0000007f       0x33 ./hallib/stm32f7xx_hal.o
 .ARM.attributes
                0x000000b2       0x33 ./hallib/stm32f7xx_hal_cortex.o
 .ARM.attributes
                0x000000e5       0x33 ./hallib/stm32f7xx_hal_gpio.o
 .ARM.attributes
                0x00000118       0x21 ./cmsis/startup_stm32f767xx.o
 .ARM.attributes
                0x00000139       0x33 ./cmsis/system_stm32f7xx.o
 .ARM.attributes
                0x0000016c       0x2e d:/program files/gnu tools arm embedded/6 2017-q1-update/bin/../lib/gcc/arm-none-eabi/6.3.1/../../../../arm-none-eabi/lib/thumb/v7e-m\libg.a(lib_a-impure.o)
 .ARM.attributes
                0x0000019a       0x2e d:/program files/gnu tools arm embedded/6 2017-q1-update/bin/../lib/gcc/arm-none-eabi/6.3.1/../../../../arm-none-eabi/lib/thumb/v7e-m\libg.a(lib_a-init.o)
 .ARM.attributes
                0x000001c8       0x2e d:/program files/gnu tools arm embedded/6 2017-q1-update/bin/../lib/gcc/arm-none-eabi/6.3.1/../../../../arm-none-eabi/lib/thumb/v7e-m\libg.a(lib_a-__call_atexit.o)
 .ARM.attributes
                0x000001f6       0x2e d:/program files/gnu tools arm embedded/6 2017-q1-update/bin/../lib/gcc/arm-none-eabi/6.3.1/../../../../arm-none-eabi/lib/thumb/v7e-m\libg.a(lib_a-atexit.o)
 .ARM.attributes
                0x00000224       0x2e d:/program files/gnu tools arm embedded/6 2017-q1-update/bin/../lib/gcc/arm-none-eabi/6.3.1/../../../../arm-none-eabi/lib/thumb/v7e-m\libg.a(lib_a-fini.o)
 .ARM.attributes
                0x00000252       0x2e d:/program files/gnu tools arm embedded/6 2017-q1-update/bin/../lib/gcc/arm-none-eabi/6.3.1/../../../../arm-none-eabi/lib/thumb/v7e-m\libg.a(lib_a-lock.o)
 .ARM.attributes
                0x00000280       0x2e d:/program files/gnu tools arm embedded/6 2017-q1-update/bin/../lib/gcc/arm-none-eabi/6.3.1/../../../../arm-none-eabi/lib/thumb/v7e-m\libg.a(lib_a-__atexit.o)
 .ARM.attributes
                0x000002ae       0x1e d:/program files/gnu tools arm embedded/6 2017-q1-update/bin/../lib/gcc/arm-none-eabi/6.3.1/thumb/v7e-m/crtn.o
OUTPUT(bear.elf elf32-littlearm)

.debug_info     0x00000000     0x55e1
 .debug_info    0x00000000      0xca8 ./usr/main.o
 .debug_info    0x00000ca8     0x11af ./hallib/stm32f7xx_hal.o
 .debug_info    0x00001e57     0x185a ./hallib/stm32f7xx_hal_cortex.o
 .debug_info    0x000036b1      0xfbe ./hallib/stm32f7xx_hal_gpio.o
 .debug_info    0x0000466f       0x5e ./cmsis/startup_stm32f767xx.o
 .debug_info    0x000046cd      0xf14 ./cmsis/system_stm32f7xx.o

.debug_abbrev   0x00000000      0xd0b
 .debug_abbrev  0x00000000      0x222 ./usr/main.o
 .debug_abbrev  0x00000222      0x2a1 ./hallib/stm32f7xx_hal.o
 .debug_abbrev  0x000004c3      0x39d ./hallib/stm32f7xx_hal_cortex.o
 .debug_abbrev  0x00000860      0x287 ./hallib/stm32f7xx_hal_gpio.o
 .debug_abbrev  0x00000ae7       0x12 ./cmsis/startup_stm32f767xx.o
 .debug_abbrev  0x00000af9      0x212 ./cmsis/system_stm32f7xx.o

.debug_aranges  0x00000000      0x2d8
 .debug_aranges
                0x00000000       0x38 ./usr/main.o
 .debug_aranges
                0x00000038       0xe0 ./hallib/stm32f7xx_hal.o
 .debug_aranges
                0x00000118      0x118 ./hallib/stm32f7xx_hal_cortex.o
 .debug_aranges
                0x00000230       0x58 ./hallib/stm32f7xx_hal_gpio.o
 .debug_aranges
                0x00000288       0x28 ./cmsis/startup_stm32f767xx.o
 .debug_aranges
                0x000002b0       0x28 ./cmsis/system_stm32f7xx.o

.debug_ranges   0x00000000      0x280
 .debug_ranges  0x00000000       0x28 ./usr/main.o
 .debug_ranges  0x00000028       0xd0 ./hallib/stm32f7xx_hal.o
 .debug_ranges  0x000000f8      0x108 ./hallib/stm32f7xx_hal_cortex.o
 .debug_ranges  0x00000200       0x48 ./hallib/stm32f7xx_hal_gpio.o
 .debug_ranges  0x00000248       0x20 ./cmsis/startup_stm32f767xx.o
 .debug_ranges  0x00000268       0x18 ./cmsis/system_stm32f7xx.o

.debug_macro    0x00000000    0x2c2a3
 .debug_macro   0x00000000      0x511 ./usr/main.o
 .debug_macro   0x00000511      0x8a4 ./usr/main.o
 .debug_macro   0x00000db5       0x2e ./usr/main.o
 .debug_macro   0x00000de3       0x3b ./usr/main.o
 .debug_macro   0x00000e1e       0x22 ./usr/main.o
 .debug_macro   0x00000e40       0x87 ./usr/main.o
 .debug_macro   0x00000ec7       0x51 ./usr/main.o
 .debug_macro   0x00000f18       0xef ./usr/main.o
 .debug_macro   0x00001007       0x6a ./usr/main.o
 .debug_macro   0x00001071      0x1df ./usr/main.o
 .debug_macro   0x00001250       0x35 ./usr/main.o
 .debug_macro   0x00001285       0x50 ./usr/main.o
 .debug_macro   0x000012d5     0x1114 ./usr/main.o
 .debug_macro   0x000023e9    0x19f3a ./usr/main.o
 .debug_macro   0x0001c323       0x43 ./usr/main.o
 .debug_macro   0x0001c366      0x27b ./usr/main.o
 .debug_macro   0x0001c5e1     0x35c8 ./usr/main.o
 .debug_macro   0x0001fba9       0x58 ./usr/main.o
 .debug_macro   0x0001fc01       0x35 ./usr/main.o
 .debug_macro   0x0001fc36       0x9c ./usr/main.o
 .debug_macro   0x0001fcd2       0x16 ./usr/main.o
 .debug_macro   0x0001fce8       0x97 ./usr/main.o
 .debug_macro   0x0001fd7f      0x30d ./usr/main.o
 .debug_macro   0x0002008c       0xfd ./usr/main.o
 .debug_macro   0x00020189       0x10 ./usr/main.o
 .debug_macro   0x00020199       0x58 ./usr/main.o
 .debug_macro   0x000201f1       0x1f ./usr/main.o
 .debug_macro   0x00020210       0x43 ./usr/main.o
 .debug_macro   0x00020253       0x20 ./usr/main.o
 .debug_macro   0x00020273      0x187 ./usr/main.o
 .debug_macro   0x000203fa       0x10 ./usr/main.o
 .debug_macro   0x0002040a       0x1c ./usr/main.o
 .debug_macro   0x00020426       0x52 ./usr/main.o
 .debug_macro   0x00020478       0x40 ./usr/main.o
 .debug_macro   0x000204b8       0x10 ./usr/main.o
 .debug_macro   0x000204c8       0x40 ./usr/main.o
 .debug_macro   0x00020508       0xd7 ./usr/main.o
 .debug_macro   0x000205df       0x16 ./usr/main.o
 .debug_macro   0x000205f5      0x18b ./usr/main.o
 .debug_macro   0x00020780       0x57 ./usr/main.o
 .debug_macro   0x000207d7     0x1add ./usr/main.o
 .debug_macro   0x000222b4      0x6a2 ./usr/main.o
 .debug_macro   0x00022956      0x11e ./usr/main.o
 .debug_macro   0x00022a74      0x277 ./usr/main.o
 .debug_macro   0x00022ceb       0x27 ./usr/main.o
 .debug_macro   0x00022d12      0x24f ./usr/main.o
 .debug_macro   0x00022f61       0x71 ./usr/main.o
 .debug_macro   0x00022fd2       0x58 ./usr/main.o
 .debug_macro   0x0002302a      0x23a ./usr/main.o
 .debug_macro   0x00023264      0x408 ./usr/main.o
 .debug_macro   0x0002366c      0x161 ./usr/main.o
 .debug_macro   0x000237cd      0x100 ./usr/main.o
 .debug_macro   0x000238cd      0x36e ./usr/main.o
 .debug_macro   0x00023c3b      0x2e2 ./usr/main.o
 .debug_macro   0x00023f1d       0xab ./usr/main.o
 .debug_macro   0x00023fc8       0x4c ./usr/main.o
 .debug_macro   0x00024014       0x2e ./usr/main.o
 .debug_macro   0x00024042      0x22b ./usr/main.o
 .debug_macro   0x0002426d       0xe6 ./usr/main.o
 .debug_macro   0x00024353       0xa1 ./usr/main.o
 .debug_macro   0x000243f4       0x3c ./usr/main.o
 .debug_macro   0x00024430      0x22c ./usr/main.o
 .debug_macro   0x0002465c      0xcd6 ./usr/main.o
 .debug_macro   0x00025332      0x156 ./usr/main.o
 .debug_macro   0x00025488      0x3de ./usr/main.o
 .debug_macro   0x00025866       0x12 ./usr/main.o
 .debug_macro   0x00025878      0x516 ./usr/main.o
 .debug_macro   0x00025d8e       0x88 ./usr/main.o
 .debug_macro   0x00025e16       0xe3 ./usr/main.o
 .debug_macro   0x00025ef9       0x10 ./usr/main.o
 .debug_macro   0x00025f09      0x202 ./usr/main.o
 .debug_macro   0x0002610b       0x61 ./usr/main.o
 .debug_macro   0x0002616c       0x90 ./usr/main.o
 .debug_macro   0x000261fc      0x1b5 ./usr/main.o
 .debug_macro   0x000263b1       0x87 ./usr/main.o
 .debug_macro   0x00026438      0x28d ./usr/main.o
 .debug_macro   0x000266c5      0x255 ./usr/main.o
 .debug_macro   0x0002691a      0x133 ./usr/main.o
 .debug_macro   0x00026a4d      0x10c ./usr/main.o
 .debug_macro   0x00026b59       0x35 ./usr/main.o
 .debug_macro   0x00026b8e      0x2e2 ./usr/main.o
 .debug_macro   0x00026e70       0x7b ./usr/main.o
 .debug_macro   0x00026eeb      0x313 ./usr/main.o
 .debug_macro   0x000271fe      0x4dc ./usr/main.o
 .debug_macro   0x000276da       0xd6 ./usr/main.o
 .debug_macro   0x000277b0      0x447 ./usr/main.o
 .debug_macro   0x00027bf7      0x757 ./usr/main.o
 .debug_macro   0x0002834e      0x198 ./usr/main.o
 .debug_macro   0x000284e6      0x1ed ./usr/main.o
 .debug_macro   0x000286d3      0x2e2 ./usr/main.o
 .debug_macro   0x000289b5      0x685 ./usr/main.o
 .debug_macro   0x0002903a      0x295 ./usr/main.o
 .debug_macro   0x000292cf      0x13f ./usr/main.o
 .debug_macro   0x0002940e      0x4e8 ./usr/main.o
 .debug_macro   0x000298f6       0x47 ./usr/main.o
 .debug_macro   0x0002993d      0x1df ./usr/main.o
 .debug_macro   0x00029b1c       0x29 ./usr/main.o
 .debug_macro   0x00029b45       0x58 ./usr/main.o
 .debug_macro   0x00029b9d      0x1f4 ./usr/main.o
 .debug_macro   0x00029d91       0x30 ./usr/main.o
 .debug_macro   0x00029dc1       0x58 ./usr/main.o
 .debug_macro   0x00029e19      0x2f7 ./usr/main.o
 .debug_macro   0x0002a110       0x5e ./usr/main.o
 .debug_macro   0x0002a16e       0xa5 ./usr/main.o
 .debug_macro   0x0002a213       0x89 ./usr/main.o
 .debug_macro   0x0002a29c      0x1f4 ./usr/main.o
 .debug_macro   0x0002a490      0x120 ./usr/main.o
 .debug_macro   0x0002a5b0       0x75 ./usr/main.o
 .debug_macro   0x0002a625      0x2a3 ./usr/main.o
 .debug_macro   0x0002a8c8      0x137 ./usr/main.o
 .debug_macro   0x0002a9ff      0x2c5 ./usr/main.o
 .debug_macro   0x0002acc4      0x158 ./usr/main.o
 .debug_macro   0x0002ae1c      0x531 ./hallib/stm32f7xx_hal.o
 .debug_macro   0x0002b34d      0x50d ./hallib/stm32f7xx_hal_cortex.o
 .debug_macro   0x0002b85a      0x545 ./hallib/stm32f7xx_hal_gpio.o
 .debug_macro   0x0002bd9f      0x504 ./cmsis/system_stm32f7xx.o

.debug_line     0x00000000     0x3b02
 .debug_line    0x00000000      0xa84 ./usr/main.o
 .debug_line    0x00000a84      0xc08 ./hallib/stm32f7xx_hal.o
 .debug_line    0x0000168c      0xd50 ./hallib/stm32f7xx_hal_cortex.o
 .debug_line    0x000023dc      0xc41 ./hallib/stm32f7xx_hal_gpio.o
 .debug_line    0x0000301d       0x7d ./cmsis/startup_stm32f767xx.o
 .debug_line    0x0000309a      0xa68 ./cmsis/system_stm32f7xx.o

.debug_str      0x00000000   0x129cf3
 .debug_str     0x00000000   0x128bd5 ./usr/main.o
                             0x128eec (size before relaxing)
 .debug_str     0x00128bd5      0x9cf ./hallib/stm32f7xx_hal.o
                             0x1298d6 (size before relaxing)
 .debug_str     0x001295a4      0x4b3 ./hallib/stm32f7xx_hal_cortex.o
                             0x129978 (size before relaxing)
 .debug_str     0x00129a57      0x22f ./hallib/stm32f7xx_hal_gpio.o
                             0x129169 (size before relaxing)
 .debug_str     0x00129c86       0x6d ./cmsis/system_stm32f7xx.o
                             0x127e05 (size before relaxing)

.comment        0x00000000       0x7f
 .comment       0x00000000       0x7f ./usr/main.o
                                 0x80 (size before relaxing)
 .comment       0x0000007f       0x80 ./hallib/stm32f7xx_hal.o
 .comment       0x0000007f       0x80 ./hallib/stm32f7xx_hal_cortex.o
 .comment       0x0000007f       0x80 ./hallib/stm32f7xx_hal_gpio.o
 .comment       0x0000007f       0x80 ./cmsis/system_stm32f7xx.o

.debug_frame    0x00000000      0xbb4
 .debug_frame   0x00000000       0x88 ./usr/main.o
 .debug_frame   0x00000088      0x330 ./hallib/stm32f7xx_hal.o
 .debug_frame   0x000003b8      0x498 ./hallib/stm32f7xx_hal_cortex.o
 .debug_frame   0x00000850      0x14c ./hallib/stm32f7xx_hal_gpio.o
 .debug_frame   0x0000099c       0x58 ./cmsis/system_stm32f7xx.o
 .debug_frame   0x000009f4       0x2c d:/program files/gnu tools arm embedded/6 2017-q1-update/bin/../lib/gcc/arm-none-eabi/6.3.1/../../../../arm-none-eabi/lib/thumb/v7e-m\libg.a(lib_a-init.o)
 .debug_frame   0x00000a20       0x5c d:/program files/gnu tools arm embedded/6 2017-q1-update/bin/../lib/gcc/arm-none-eabi/6.3.1/../../../../arm-none-eabi/lib/thumb/v7e-m\libg.a(lib_a-__call_atexit.o)
 .debug_frame   0x00000a7c       0x20 d:/program files/gnu tools arm embedded/6 2017-q1-update/bin/../lib/gcc/arm-none-eabi/6.3.1/../../../../arm-none-eabi/lib/thumb/v7e-m\libg.a(lib_a-atexit.o)
 .debug_frame   0x00000a9c       0x34 d:/program files/gnu tools arm embedded/6 2017-q1-update/bin/../lib/gcc/arm-none-eabi/6.3.1/../../../../arm-none-eabi/lib/thumb/v7e-m\libg.a(lib_a-fini.o)
 .debug_frame   0x00000ad0       0xb0 d:/program files/gnu tools arm embedded/6 2017-q1-update/bin/../lib/gcc/arm-none-eabi/6.3.1/../../../../arm-none-eabi/lib/thumb/v7e-m\libg.a(lib_a-lock.o)
 .debug_frame   0x00000b80       0x34 d:/program files/gnu tools arm embedded/6 2017-q1-update/bin/../lib/gcc/arm-none-eabi/6.3.1/../../../../arm-none-eabi/lib/thumb/v7e-m\libg.a(lib_a-__atexit.o)
