Archive member included to satisfy reference by file (symbol)

d:/program files/gnu tools arm embedded/6 2017-q1-update/bin/../lib/gcc/arm-none-eabi/6.3.1/thumb/v7e-m\libgcc.a(_arm_addsubdf3.o)
                              ./UCOS-CONFIG/app_main.o (__aeabi_dsub)
d:/program files/gnu tools arm embedded/6 2017-q1-update/bin/../lib/gcc/arm-none-eabi/6.3.1/thumb/v7e-m\libgcc.a(_arm_muldivdf3.o)
                              ./UCOS-CONFIG/app_main.o (__aeabi_ddiv)
d:/program files/gnu tools arm embedded/6 2017-q1-update/bin/../lib/gcc/arm-none-eabi/6.3.1/thumb/v7e-m\libgcc.a(_arm_truncdfsf2.o)
                              ./UCOS-CONFIG/app_main.o (__aeabi_d2f)
d:/program files/gnu tools arm embedded/6 2017-q1-update/bin/../lib/gcc/arm-none-eabi/6.3.1/thumb/v7e-m\libgcc.a(_arm_addsubsf3.o)
                              ./UCOS-CONFIG/app_main.o (__aeabi_ui2f)
d:/program files/gnu tools arm embedded/6 2017-q1-update/bin/../lib/gcc/arm-none-eabi/6.3.1/thumb/v7e-m\libgcc.a(_arm_muldivsf3.o)
                              ./UCOS-CONFIG/app_main.o (__aeabi_fmul)
d:/program files/gnu tools arm embedded/6 2017-q1-update/bin/../lib/gcc/arm-none-eabi/6.3.1/thumb/v7e-m\libgcc.a(_aeabi_uldivmod.o)
                              ./UCOS-CONFIG/app_main.o (__aeabi_uldivmod)
d:/program files/gnu tools arm embedded/6 2017-q1-update/bin/../lib/gcc/arm-none-eabi/6.3.1/thumb/v7e-m\libgcc.a(_udivmoddi4.o)
                              d:/program files/gnu tools arm embedded/6 2017-q1-update/bin/../lib/gcc/arm-none-eabi/6.3.1/thumb/v7e-m\libgcc.a(_aeabi_uldivmod.o) (__udivmoddi4)
d:/program files/gnu tools arm embedded/6 2017-q1-update/bin/../lib/gcc/arm-none-eabi/6.3.1/thumb/v7e-m\libgcc.a(_dvmd_tls.o)
                              d:/program files/gnu tools arm embedded/6 2017-q1-update/bin/../lib/gcc/arm-none-eabi/6.3.1/thumb/v7e-m\libgcc.a(_aeabi_uldivmod.o) (__aeabi_ldiv0)
d:/program files/gnu tools arm embedded/6 2017-q1-update/bin/../lib/gcc/arm-none-eabi/6.3.1/../../../../arm-none-eabi/lib/thumb/v7e-m\libg.a(lib_a-errno.o)
                              ./usr/newlib/_sbrk.o (__errno)
d:/program files/gnu tools arm embedded/6 2017-q1-update/bin/../lib/gcc/arm-none-eabi/6.3.1/../../../../arm-none-eabi/lib/thumb/v7e-m\libg.a(lib_a-exit.o)
                              d:/program files/gnu tools arm embedded/6 2017-q1-update/bin/../lib/gcc/arm-none-eabi/6.3.1/../../../../arm-none-eabi/lib/thumb/v7e-m/crt0.o (exit)
d:/program files/gnu tools arm embedded/6 2017-q1-update/bin/../lib/gcc/arm-none-eabi/6.3.1/../../../../arm-none-eabi/lib/thumb/v7e-m\libg.a(lib_a-impure.o)
                              d:/program files/gnu tools arm embedded/6 2017-q1-update/bin/../lib/gcc/arm-none-eabi/6.3.1/../../../../arm-none-eabi/lib/thumb/v7e-m\libg.a(lib_a-exit.o) (_global_impure_ptr)
d:/program files/gnu tools arm embedded/6 2017-q1-update/bin/../lib/gcc/arm-none-eabi/6.3.1/../../../../arm-none-eabi/lib/thumb/v7e-m\libg.a(lib_a-init.o)
                              d:/program files/gnu tools arm embedded/6 2017-q1-update/bin/../lib/gcc/arm-none-eabi/6.3.1/../../../../arm-none-eabi/lib/thumb/v7e-m/crt0.o (__libc_init_array)
d:/program files/gnu tools arm embedded/6 2017-q1-update/bin/../lib/gcc/arm-none-eabi/6.3.1/../../../../arm-none-eabi/lib/thumb/v7e-m\libg.a(lib_a-memset.o)
                              d:/program files/gnu tools arm embedded/6 2017-q1-update/bin/../lib/gcc/arm-none-eabi/6.3.1/../../../../arm-none-eabi/lib/thumb/v7e-m/crt0.o (memset)
d:/program files/gnu tools arm embedded/6 2017-q1-update/bin/../lib/gcc/arm-none-eabi/6.3.1/../../../../arm-none-eabi/lib/thumb/v7e-m\libg.a(lib_a-sprintf.o)
                              ./UCOS-CONFIG/app_main.o (sprintf)
d:/program files/gnu tools arm embedded/6 2017-q1-update/bin/../lib/gcc/arm-none-eabi/6.3.1/../../../../arm-none-eabi/lib/thumb/v7e-m\libg.a(lib_a-strlen.o)
                              ./UCOS-CONFIG/app_main.o (strlen)
d:/program files/gnu tools arm embedded/6 2017-q1-update/bin/../lib/gcc/arm-none-eabi/6.3.1/../../../../arm-none-eabi/lib/thumb/v7e-m\libg.a(lib_a-svfprintf.o)
                              d:/program files/gnu tools arm embedded/6 2017-q1-update/bin/../lib/gcc/arm-none-eabi/6.3.1/../../../../arm-none-eabi/lib/thumb/v7e-m\libg.a(lib_a-sprintf.o) (_svfprintf_r)
d:/program files/gnu tools arm embedded/6 2017-q1-update/bin/../lib/gcc/arm-none-eabi/6.3.1/../../../../arm-none-eabi/lib/thumb/v7e-m\libg.a(lib_a-__call_atexit.o)
                              d:/program files/gnu tools arm embedded/6 2017-q1-update/bin/../lib/gcc/arm-none-eabi/6.3.1/../../../../arm-none-eabi/lib/thumb/v7e-m\libg.a(lib_a-exit.o) (__call_exitprocs)
d:/program files/gnu tools arm embedded/6 2017-q1-update/bin/../lib/gcc/arm-none-eabi/6.3.1/../../../../arm-none-eabi/lib/thumb/v7e-m\libg.a(lib_a-atexit.o)
[...]
Memory Configuration

Name             Origin             Length             Attributes
FLASH            0x00200000         0x00200000         xr
RAM              0x20000000         0x00080000         xrw
SDRAM            0xc0000000         0x02000000         xrw
*default*        0x00000000         0xffffffff

Linker script and memory map

LOAD d:/program files/gnu tools arm embedded/6 2017-q1-update/bin/../lib/gcc/arm-none-eabi/6.3.1/thumb/v7e-m/crti.o
LOAD d:/program files/gnu tools arm embedded/6 2017-q1-update/bin/../lib/gcc/arm-none-eabi/6.3.1/thumb/v7e-m/crtbegin.o
LOAD d:/program files/gnu tools arm embedded/6 2017-q1-update/bin/../lib/gcc/arm-none-eabi/6.3.1/../../../../arm-none-eabi/lib/thumb/v7e-m/crt0.o
LOAD ./usr/newlib/_exit.o
LOAD ./usr/newlib/_sbrk.o
LOAD ./usr/newlib/_syscalls.o
LOAD ./usr/newlib/assert.o
LOAD ./usr/apollo.o
LOAD ./usr/rgb.o
LOAD ./usr/touch.o
LOAD ./uCOS-III/Source/os_cfg_app.o
LOAD ./uCOS-III/Source/os_core.o
LOAD ./uCOS-III/Source/os_dbg.o
LOAD ./uCOS-III/Source/os_flag.o
LOAD ./uCOS-III/Source/os_mem.o
LOAD ./uCOS-III/Source/os_mon.o
LOAD ./uCOS-III/Source/os_msg.o
LOAD ./uCOS-III/Source/os_mutex.o
LOAD ./uCOS-III/Source/os_prio.o
LOAD ./uCOS-III/Source/os_q.o
LOAD ./uCOS-III/Source/os_sem.o
LOAD ./uCOS-III/Source/os_stat.o
LOAD ./uCOS-III/Source/os_task.o
LOAD ./uCOS-III/Source/os_tick.o
LOAD ./uCOS-III/Source/os_time.o
LOAD ./uCOS-III/Source/os_tmr.o
LOAD ./uCOS-III/Source/os_var.o
LOAD ./uCOS-III/Ports/ARM-Cortex-M/ARMv7-M/GNU/os_cpu_a.o
LOAD ./uCOS-III/Ports/ARM-Cortex-M/ARMv7-M/GNU/os_cpu_c.o
LOAD ./uC-LIB/Ports/ARM-Cortex-M4/GNU/lib_mem_a.o
LOAD ./uC-LIB/lib_ascii.o
LOAD ./uC-LIB/lib_math.o
LOAD ./uC-LIB/lib_mem.o
LOAD ./uC-LIB/lib_str.o
LOAD ./uC-CPU/Cache/ARM/armv7m_generic_l1/cpu_cache_armv7m_generic_l1.o
LOAD ./uC-CPU/ARM-Cortex-M4/GNU/cpu_a.o
LOAD ./uC-CPU/ARM-Cortex-M4/GNU/cpu_c.o
LOAD ./uC-CPU/cpu_core.o
LOAD ./hallib/stm32f7xx_hal.o
LOAD ./hallib/stm32f7xx_hal_adc.o
LOAD ./hallib/stm32f7xx_hal_cortex.o
LOAD ./hallib/stm32f7xx_hal_dma.o
LOAD ./hallib/stm32f7xx_hal_gpio.o
LOAD ./hallib/stm32f7xx_hal_ltdc.o
LOAD ./hallib/stm32f7xx_hal_pwr_ex.o
LOAD ./hallib/stm32f7xx_hal_rcc.o
LOAD ./hallib/stm32f7xx_hal_rcc_ex.o
LOAD ./hallib/stm32f7xx_hal_sdram.o
LOAD ./hallib/stm32f7xx_hal_tim.o
LOAD ./hallib/stm32f7xx_hal_tim_ex.o
LOAD ./hallib/stm32f7xx_hal_uart.o
LOAD ./hallib/stm32f7xx_ll_fmc.o
LOAD ./cmsis/startup_stm32f767xx.o
LOAD ./cmsis/stm32f7xx_it.o
LOAD ./cmsis/system_stm32f7xx.o
LOAD ./UCOS-CONFIG/app_main.o
LOAD ./UCOS-CONFIG/os_app_hooks.o
LOAD ./UCOS-BSP/bsp.o
LOAD ./UCOS-BSP/bsp_clock.o
LOAD ./UCOS-BSP/bsp_led.o
LOAD ./UCOS-BSP/bsp_os.o
LOAD ./UCOS-BSP/cpu_bsp.o
START GROUP
LOAD d:/program files/gnu tools arm embedded/6 2017-q1-update/bin/../lib/gcc/arm-none-eabi/6.3.1/thumb/v7e-m\libgcc.a
LOAD d:/program files/gnu tools arm embedded/6 2017-q1-update/bin/../lib/gcc/arm-none-eabi/6.3.1/../../../../arm-none-eabi/lib/thumb/v7e-m\libg.a
LOAD d:/program files/gnu tools arm embedded/6 2017-q1-update/bin/../lib/gcc/arm-none-eabi/6.3.1/../../../../arm-none-eabi/lib/thumb/v7e-m\libc.a
END GROUP
LOAD d:/program files/gnu tools arm embedded/6 2017-q1-update/bin/../lib/gcc/arm-none-eabi/6.3.1/thumb/v7e-m/crtend.o
LOAD d:/program files/gnu tools arm embedded/6 2017-q1-update/bin/../lib/gcc/arm-none-eabi/6.3.1/thumb/v7e-m/crtn.o
                0x200038a8                PROVIDE (_Heap_Begin, _end_noinit)
                0x00000400                PROVIDE (_Heap_Limit, _Min_Heap_Size)
                0x20080000                _estack = 0x20080000
                0x00000400                _Min_Heap_Size = 0x400
                0x00000900                _Min_Stack_Size = 0x900

.isr_vector     0x00200000      0x1f8
                0x00200000                . = ALIGN (0x4)
 *(.isr_vector)
 .isr_vector    0x00200000      0x1f8 ./cmsis/startup_stm32f767xx.o
                0x00200000                g_pfnVectors
                0x002001f8                . = ALIGN (0x4)

.text           0x00200200    0x111e4
                0x00200200                . = ALIGN (0x4)
 *(.text)
 .text          0x00200200       0x6c d:/program files/gnu tools arm embedded/6 2017-q1-update/bin/../lib/gcc/arm-none-eabi/6.3.1/thumb/v7e-m/crtbegin.o
 .text          0x0020026c       0xe0 ./uCOS-III/Ports/ARM-Cortex-M/ARMv7-M/GNU/os_cpu_a.o
                0x0020026c                OSStartHighRdy
                0x002002e6                OSCtxSw
                0x002002f0                OSIntCtxSw
                0x002002fa                OS_CPU_PendSVHandler
 .text          0x0020034c       0x34 ./uC-CPU/ARM-Cortex-M4/GNU/cpu_a.o
                0x0020034c                CPU_IntDis
                0x00200350                CPU_IntEn
                0x00200354                CPU_SR_Save
                0x0020035c                CPU_SR_Restore
                0x00200362                CPU_WaitForInt
                0x00200366                CPU_WaitForExcept
                0x0020036a                CPU_CntLeadZeros
                0x00200370                CPU_CntTrailZeros
                0x0020037a                CPU_RevBits
 .text          0x00200380      0x370 d:/program files/gnu tools arm embedded/6 2017-q1-update/bin/../lib/gcc/arm-none-eabi/6.3.1/thumb/v7e-m\libgcc.a(_arm_addsubdf3.o)
                0x00200380                __aeabi_drsub
                0x00200388                __aeabi_dsub
                0x00200388                __subdf3
                0x0020038c                __aeabi_dadd
                0x0020038c                __adddf3
                0x00200604                __floatunsidf
                0x00200604                __aeabi_ui2d
                0x00200624                __floatsidf
                0x00200624                __aeabi_i2d
                0x00200648                __aeabi_f2d
                0x00200648                __extendsfdf2
                0x00200684                __floatundidf
                0x00200684                __aeabi_ul2d
                0x00200694                __floatdidf
                0x00200694                __aeabi_l2d
 .text          0x002006f0      0x424 d:/program files/gnu tools arm embedded/6 2017-q1-update/bin/../lib/gcc/arm-none-eabi/6.3.1/thumb/v7e-m\libgcc.a(_arm_muldivdf3.o)
                0x002006f0                __aeabi_dmul
                0x002006f0                __muldf3
                0x00200944                __divdf3
                0x00200944                __aeabi_ddiv
 .text          0x00200b14       0xa0 d:/program files/gnu tools arm embedded/6 2017-q1-update/bin/../lib/gcc/arm-none-eabi/6.3.1/thumb/v7e-m\libgcc.a(_arm_truncdfsf2.o)
                0x00200b14                __truncdfsf2
                0x00200b14                __aeabi_d2f
 .text          0x00200bb4      0x21c d:/program files/gnu tools arm embedded/6 2017-q1-update/bin/../lib/gcc/arm-none-eabi/6.3.1/thumb/v7e-m\libgcc.a(_arm_addsubsf3.o)
                0x00200bb4                __aeabi_frsub
                0x00200bbc                __subsf3
                0x00200bbc                __aeabi_fsub
                0x00200bc0                __aeabi_fadd
                0x00200bc0                __addsf3
                0x00200d20                __aeabi_ui2f
                0x00200d20                __floatunsisf
                0x00200d28                __aeabi_i2f
                0x00200d28                __floatsisf
                0x00200d44                __aeabi_ul2f
                0x00200d44                __floatundisf
                0x00200d54                __aeabi_l2f
                0x00200d54                __floatdisf
 .text          0x00200dd0      0x2a0 d:/program files/gnu tools arm embedded/6 2017-q1-update/bin/../lib/gcc/arm-none-eabi/6.3.1/thumb/v7e-m\libgcc.a(_arm_muldivsf3.o)
                0x00200dd0                __mulsf3
                0x00200dd0                __aeabi_fmul
                0x00200f38                __aeabi_fdiv
                0x00200f38                __divsf3
 .text          0x00201070       0x30 d:/program files/gnu tools arm embedded/6 2017-q1-update/bin/../lib/gcc/arm-none-eabi/6.3.1/thumb/v7e-m\libgcc.a(_aeabi_uldivmod.o)
                0x00201070                __aeabi_uldivmod
 .text          0x002010a0      0x2dc d:/program files/gnu tools arm embedded/6 2017-q1-update/bin/../lib/gcc/arm-none-eabi/6.3.1/thumb/v7e-m\libgcc.a(_udivmoddi4.o)
                0x002010a0                __udivmoddi4
 .text          0x0020137c        0x4 d:/program files/gnu tools arm embedded/6 2017-q1-update/bin/../lib/gcc/arm-none-eabi/6.3.1/thumb/v7e-m\libgcc.a(_dvmd_tls.o)
                0x0020137c                __aeabi_idiv0
                0x0020137c                __aeabi_ldiv0
 .text          0x00201380       0xdc d:/program files/gnu tools arm embedded/6 2017-q1-update/bin/../lib/gcc/arm-none-eabi/6.3.1/../../../../arm-none-eabi/lib/thumb/v7e-m\libg.a(lib_a-strlen.o)
                0x00201380                strlen
 *fill*         0x0020145c        0x4 
 .text          0x00201460       0xa0 d:/program files/gnu tools arm embedded/6 2017-q1-update/bin/../lib/gcc/arm-none-eabi/6.3.1/../../../../arm-none-eabi/lib/thumb/v7e-m\libg.a(lib_a-memchr.o)
                0x00201460                memchr
 .text          0x00201500      0x134 d:/program files/gnu tools arm embedded/6 2017-q1-update/bin/../lib/gcc/arm-none-eabi/6.3.1/../../../../arm-none-eabi/lib/thumb/v7e-m\libg.a(lib_a-memcpy.o)
                0x00201500                memcpy
 .text          0x00201634      0x110 d:/program files/gnu tools arm embedded/6 2017-q1-update/bin/../lib/gcc/arm-none-eabi/6.3.1/thumb/v7e-m\libgcc.a(_arm_cmpdf2.o)
                0x00201634                __gtdf2
                0x00201634                __gedf2
                0x0020163c                __ltdf2
                0x0020163c                __ledf2
                0x00201644                __nedf2
                0x00201644                __eqdf2
                0x00201644                __cmpdf2
                0x002016c0                __aeabi_cdrcmple
                0x002016d0                __aeabi_cdcmpeq
                0x002016d0                __aeabi_cdcmple
                0x002016e0                __aeabi_dcmpeq
                0x002016f4                __aeabi_dcmplt
                0x00201708                __aeabi_dcmple
                0x0020171c                __aeabi_dcmpge
                0x00201730                __aeabi_dcmpgt
 .text          0x00201744       0x2c d:/program files/gnu tools arm embedded/6 2017-q1-update/bin/../lib/gcc/arm-none-eabi/6.3.1/thumb/v7e-m\libgcc.a(_arm_unorddf2.o)
                0x00201744                __unorddf2
                0x00201744                __aeabi_dcmpun
 .text          0x00201770       0x50 d:/program files/gnu tools arm embedded/6 2017-q1-update/bin/../lib/gcc/arm-none-eabi/6.3.1/thumb/v7e-m\libgcc.a(_arm_fixdfsi.o)
                0x00201770                __aeabi_d2iz
                0x00201770                __fixdfsi
 *(.text*)
 .text._sbrk    0x002017c0       0x68 ./usr/newlib/_sbrk.o
                0x002017c0                _sbrk
 .text.NVIC_SystemReset
                0x00201828       0x28 ./usr/apollo.o
 .text.UART_init
                0x00201850       0x48 ./usr/apollo.o
                0x00201850                UART_init
 .text.HAL_ADC_MspInit
                0x00201898       0xe4 ./usr/apollo.o
                0x00201898                HAL_ADC_MspInit
 .text.HAL_ADC_ConvCpltCallback
                0x0020197c       0x34 ./usr/apollo.o
                0x0020197c                HAL_ADC_ConvCpltCallback
 .text.DMA2_Stream0_IRQHandler
                0x002019b0       0x14 ./usr/apollo.o
                0x002019b0                DMA2_Stream0_IRQHandler
 .text.CEKONG_init
                0x002019c4       0xec ./usr/apollo.o
                0x002019c4                CEKONG_init
 .text.HAL_UART_MspInit
                0x00201ab0       0xf8 ./usr/apollo.o
                0x00201ab0                HAL_UART_MspInit
 .text.TIM2_init
                0x00201ba8       0x78 ./usr/apollo.o
                0x00201ba8                TIM2_init
 .text.TIM3_init
                0x00201c20       0x84 ./usr/apollo.o
                0x00201c20                TIM3_init
 .text.HAL_TIM_PWM_MspInit
                0x00201ca4       0x60 ./usr/apollo.o
                0x00201ca4                HAL_TIM_PWM_MspInit
 .text.TIM5_init
                0x00201d04       0x6c ./usr/apollo.o
                0x00201d04                TIM5_init
 .text.HAL_TIM_IC_MspInit
                0x00201d70       0x88 ./usr/apollo.o
                0x00201d70                HAL_TIM_IC_MspInit
 .text.HAL_TIM_Base_MspInit
                0x00201df8       0x80 ./usr/apollo.o
                0x00201df8                HAL_TIM_Base_MspInit
 .text.SDRAM_init
                0x00201e78       0x98 ./usr/apollo.o
                0x00201e78                SDRAM_init
 .text.HAL_SDRAM_MspInit
                0x00201f10      0x120 ./usr/apollo.o
                0x00201f10                HAL_SDRAM_MspInit
 .text.SDRAM_Initialization_Sequence
                0x00202030       0x60 ./usr/apollo.o
                0x00202030                SDRAM_Initialization_Sequence
 .text.SDRAM_Send_Cmd
                0x00202090       0x70 ./usr/apollo.o
                0x00202090                SDRAM_Send_Cmd
 .text.HAL_TIM_PeriodElapsedCallback
                0x00202100       0x3c ./usr/apollo.o
                0x00202100                HAL_TIM_PeriodElapsedCallback
 .text.TIM3_IRQHandler
                0x0020213c       0x14 ./usr/apollo.o
                0x0020213c                TIM3_IRQHandler
 .text.TIM5_IRQHandler
                0x00202150       0x14 ./usr/apollo.o
                0x00202150                TIM5_IRQHandler
 .text.HAL_TIM_IC_CaptureCallback
                0x00202164       0xa8 ./usr/apollo.o
                0x00202164                HAL_TIM_IC_CaptureCallback
 .text.EXTI2_IRQHandler
                0x0020220c       0x20 ./usr/apollo.o
                0x0020220c                EXTI2_IRQHandler
 .text.EXTI3_IRQHandler
                0x0020222c       0x28 ./usr/apollo.o
                0x0020222c                EXTI3_IRQHandler
 .text.EXTI9_5_IRQHandler
                0x00202254       0x18 ./usr/apollo.o
                0x00202254                EXTI9_5_IRQHandler
 .text.USART2_IRQHandler
                0x0020226c       0x14 ./usr/apollo.o
                0x0020226c                USART2_IRQHandler
 .text.MemManage_Handler
                0x00202280        0xc ./usr/apollo.o
                0x00202280                MemManage_Handler
 .text.LCD_Init
                0x0020228c       0x24 ./usr/rgb.o
                0x0020228c                LCD_Init
 .text.LTDC_Init
                0x002022b0      0x2d4 ./usr/rgb.o
                0x002022b0                LTDC_Init
 .text.LTDC_PanelID_Read
                0x00202584       0xf4 ./usr/rgb.o
                0x00202584                LTDC_PanelID_Read
 .text.LTDC_Layer_Parameter_Config
                0x00202678       0x8c ./usr/rgb.o
                0x00202678                LTDC_Layer_Parameter_Config
 .text.LTDC_Layer_Window_Config
                0x00202704       0x44 ./usr/rgb.o
                0x00202704                LTDC_Layer_Window_Config
 .text.LTDC_Display_Dir
                0x00202748       0x54 ./usr/rgb.o
                0x00202748                LTDC_Display_Dir
 .text.LTDC_Select_Layer
                0x0020279c       0x20 ./usr/rgb.o
                0x0020279c                LTDC_Select_Layer
 .text.LTDC_Clear
                0x002027bc       0x34 ./usr/rgb.o
                0x002027bc                LTDC_Clear
 .text.LTDC_Fill
                0x002027f0      0x148 ./usr/rgb.o
                0x002027f0                LTDC_Fill
 .text.LTDC_Clk_Set
                0x00202938       0x3a ./usr/rgb.o
                0x00202938                LTDC_Clk_Set
 .text.LCD_ShowString
                0x00202972       0x9c ./usr/rgb.o
                0x00202972                LCD_ShowString
 *fill*         0x00202a0e        0x2 
 .text.LCD_ShowChar
                0x00202a10      0x178 ./usr/rgb.o
                0x00202a10                LCD_ShowChar
 .text.LTDC_Draw_Point
                0x00202b88       0x8c ./usr/rgb.o
                0x00202b88                LTDC_Draw_Point
 .text.HAL_LTDC_MspInit
                0x00202c14      0x144 ./usr/rgb.o
                0x00202c14                HAL_LTDC_MspInit
 .text.APPOLO_RGB
                0x00202d58       0xc0 ./usr/rgb.o
                0x00202d58                APPOLO_RGB
 .text.delay_ms
                0x00202e18       0x16 ./usr/touch.o
                0x00202e18                delay_ms
 .text.delay_us
                0x00202e2e       0x3c ./usr/touch.o
                0x00202e2e                delay_us
 .text.CT_Delay
                0x00202e6a        0xe ./usr/touch.o
                0x00202e6a                CT_Delay
 .text.CT_IIC_Init
                0x00202e78       0x78 ./usr/touch.o
                0x00202e78                CT_IIC_Init
 .text.CT_IIC_Start
                0x00202ef0       0x5c ./usr/touch.o
                0x00202ef0                CT_IIC_Start
 .text.CT_IIC_Wait_Ack
                0x00202f4c       0x7c ./usr/touch.o
                0x00202f4c                CT_IIC_Wait_Ack
 .text.CT_IIC_Ack
                0x00202fc8       0x5c ./usr/touch.o
                0x00202fc8                CT_IIC_Ack
 .text.CT_IIC_NAck
                0x00203024       0x5c ./usr/touch.o
                0x00203024                CT_IIC_NAck
 .text.CT_IIC_Stop
                0x00203080       0x50 ./usr/touch.o
                0x00203080                CT_IIC_Stop
 .text.CT_IIC_Read_Byte
                0x002030d0       0x90 ./usr/touch.o
                0x002030d0                CT_IIC_Read_Byte
 .text.CT_IIC_Send_Byte
                0x00203160       0x94 ./usr/touch.o
                0x00203160                CT_IIC_Send_Byte
 .text.FT5206_WR_Reg
                0x002031f4       0x72 ./usr/touch.o
                0x002031f4                FT5206_WR_Reg
 .text.FT5206_RD_Reg
                0x00203266       0x7a ./usr/touch.o
                0x00203266                FT5206_RD_Reg
 .text.FT5206_Init
                0x002032e0      0x118 ./usr/touch.o
                0x002032e0                FT5206_Init
 .text.FT5206_Scan
                0x002033f8       0xcc ./usr/touch.o
                0x002033f8                FT5206_Scan
 .text.OSCfg_Init
                0x002034c4        0xc ./uCOS-III/Source/os_cfg_app.o
                0x002034c4                OSCfg_Init
 .text.OSInit   0x002034d0      0x1c4 ./uCOS-III/Source/os_core.o
                0x002034d0                OSInit
 .text.OSIntEnter
                0x00203694       0x38 ./uCOS-III/Source/os_core.o
                0x00203694                OSIntEnter
 .text.OSIntExit
                0x002036cc       0xd8 ./uCOS-III/Source/os_core.o
                0x002036cc                OSIntExit
 .text.OSSched  0x002037a4       0xa8 ./uCOS-III/Source/os_core.o
                0x002037a4                OSSched
 .text.OSSchedLock
                0x0020384c       0x7c ./uCOS-III/Source/os_core.o
                0x0020384c                OSSchedLock
 .text.OSSchedUnlock
                0x002038c8       0x9c ./uCOS-III/Source/os_core.o
                0x002038c8                OSSchedUnlock
 .text.OSStart  0x00203964       0xc8 ./uCOS-III/Source/os_core.o
                0x00203964                OSStart
 .text.OS_IdleTask
                0x00203a2c       0x44 ./uCOS-III/Source/os_core.o
                0x00203a2c                OS_IdleTask
 .text.OS_IdleTaskInit
                0x00203a70       0x68 ./uCOS-III/Source/os_core.o
                0x00203a70                OS_IdleTaskInit
 .text.OS_Pend  0x00203ad8       0x70 ./uCOS-III/Source/os_core.o
                0x00203ad8                OS_Pend
 .text.OS_PendDbgNameAdd
                0x00203b48       0x74 ./uCOS-III/Source/os_core.o
                0x00203b48                OS_PendDbgNameAdd
 .text.OS_PendDbgNameRemove
                0x00203bbc       0x48 ./uCOS-III/Source/os_core.o
                0x00203bbc                OS_PendDbgNameRemove
 .text.OS_PendListChangePrio
                0x00203c04       0x3a ./uCOS-III/Source/os_core.o
                0x00203c04                OS_PendListChangePrio
 .text.OS_PendListInit
                0x00203c3e       0x24 ./uCOS-III/Source/os_core.o
                0x00203c3e                OS_PendListInit
 .text.OS_PendListInsertPrio
                0x00203c62       0xd6 ./uCOS-III/Source/os_core.o
                0x00203c62                OS_PendListInsertPrio
 .text.OS_PendListRemove
                0x00203d38       0xa8 ./uCOS-III/Source/os_core.o
                0x00203d38                OS_PendListRemove
 .text.OS_Post  0x00203de0       0xf4 ./uCOS-III/Source/os_core.o
                0x00203de0                OS_Post
 .text.OS_RdyListInit
                0x00203ed4       0x48 ./uCOS-III/Source/os_core.o
                0x00203ed4                OS_RdyListInit
 .text.OS_RdyListInsert
                0x00203f1c       0x3c ./uCOS-III/Source/os_core.o
                0x00203f1c                OS_RdyListInsert
 .text.OS_RdyListInsertHead
                0x00203f58       0x80 ./uCOS-III/Source/os_core.o
                0x00203f58                OS_RdyListInsertHead
 .text.OS_RdyListInsertTail
                0x00203fd8       0x80 ./uCOS-III/Source/os_core.o
                0x00203fd8                OS_RdyListInsertTail
 .text.OS_RdyListRemove
                0x00204058       0xb0 ./uCOS-III/Source/os_core.o
                0x00204058                OS_RdyListRemove
 .text.OS_TaskBlock
                0x00204108       0x40 ./uCOS-III/Source/os_core.o
                0x00204108                OS_TaskBlock
 .text.OS_Dbg_Init
                0x00204148      0x220 ./uCOS-III/Source/os_dbg.o
                0x00204148                OS_Dbg_Init
 .text.OS_MemInit
                0x00204368       0x2c ./uCOS-III/Source/os_mem.o
                0x00204368                OS_MemInit
 .text.OS_MsgPoolInit
                0x00204394       0xcc ./uCOS-III/Source/os_msg.o
                0x00204394                OS_MsgPoolInit
 .text.OS_MsgQFreeAll
                0x00204460       0x74 ./uCOS-III/Source/os_msg.o
                0x00204460                OS_MsgQFreeAll
 .text.OS_MsgQInit
                0x002044d4       0x34 ./uCOS-III/Source/os_msg.o
                0x002044d4                OS_MsgQInit
 .text.OSMutexCreate
                0x00204508       0xa0 ./uCOS-III/Source/os_mutex.o
                0x00204508                OSMutexCreate
 .text.OSMutexPend
                0x002045a8      0x258 ./uCOS-III/Source/os_mutex.o
                0x002045a8                OSMutexPend
 .text.OSMutexPost
                0x00204800      0x1cc ./uCOS-III/Source/os_mutex.o
                0x00204800                OSMutexPost
 .text.OS_MutexDbgListAdd
                0x002049cc       0x4c ./uCOS-III/Source/os_mutex.o
                0x002049cc                OS_MutexDbgListAdd
 .text.OS_MutexGrpAdd
                0x00204a18       0x22 ./uCOS-III/Source/os_mutex.o
                0x00204a18                OS_MutexGrpAdd
 .text.OS_MutexGrpRemove
                0x00204a3a       0x38 ./uCOS-III/Source/os_mutex.o
                0x00204a3a                OS_MutexGrpRemove
 .text.OS_MutexGrpPrioFindHighest
                0x00204a72       0x52 ./uCOS-III/Source/os_mutex.o
                0x00204a72                OS_MutexGrpPrioFindHighest
 .text.OS_MutexGrpPostAll
                0x00204ac4       0x86 ./uCOS-III/Source/os_mutex.o
                0x00204ac4                OS_MutexGrpPostAll
 *fill*         0x00204b4a        0x2 
 .text.OS_PrioInit
                0x00204b4c       0x30 ./uCOS-III/Source/os_prio.o
                0x00204b4c                OS_PrioInit
 .text.OS_PrioGetHighest
                0x00204b7c       0x30 ./uCOS-III/Source/os_prio.o
                0x00204b7c                OS_PrioGetHighest
 .text.OS_PrioInsert
                0x00204bac       0x48 ./uCOS-III/Source/os_prio.o
                0x00204bac                OS_PrioInsert
 .text.OS_PrioRemove
                0x00204bf4       0x48 ./uCOS-III/Source/os_prio.o
                0x00204bf4                OS_PrioRemove
 .text.OSStatReset
                0x00204c3c      0x154 ./uCOS-III/Source/os_stat.o
                0x00204c3c                OSStatReset
 .text.OSStatTaskCPUUsageInit
                0x00204d90      0x10c ./uCOS-III/Source/os_stat.o
                0x00204d90                OSStatTaskCPUUsageInit
 .text.OS_StatTask
                0x00204e9c      0x350 ./uCOS-III/Source/os_stat.o
                0x00204e9c                OS_StatTask
 .text.OS_StatTaskInit
                0x002051ec       0xd4 ./uCOS-III/Source/os_stat.o
                0x002051ec                OS_StatTaskInit
 .text.OSTaskCreate
                0x002052c0      0x22c ./uCOS-III/Source/os_task.o
                0x002052c0                OSTaskCreate
 .text.OSTaskDel
                0x002054ec      0x1e8 ./uCOS-III/Source/os_task.o
                0x002054ec                OSTaskDel
 .text.OSTaskResume
                0x002056d4      0x190 ./uCOS-III/Source/os_task.o
                0x002056d4                OSTaskResume
 .text.OSTaskSemPend
                0x00205864      0x204 ./uCOS-III/Source/os_task.o
                0x00205864                OSTaskSemPend
 .text.OSTaskSemPost
                0x00205a68      0x15c ./uCOS-III/Source/os_task.o
                0x00205a68                OSTaskSemPost
 .text.OSTaskStkChk
                0x00205bc4      0x100 ./uCOS-III/Source/os_task.o
                0x00205bc4                OSTaskStkChk
 .text.OSTaskSuspend
                0x00205cc4      0x1ac ./uCOS-III/Source/os_task.o
                0x00205cc4                OSTaskSuspend
 .text.OS_TaskDbgListAdd
                0x00205e70       0x4c ./uCOS-III/Source/os_task.o
                0x00205e70                OS_TaskDbgListAdd
 .text.OS_TaskDbgListRemove
                0x00205ebc       0x84 ./uCOS-III/Source/os_task.o
                0x00205ebc                OS_TaskDbgListRemove
 .text.OS_TaskInit
                0x00205f40       0x38 ./uCOS-III/Source/os_task.o
                0x00205f40                OS_TaskInit
 .text.OS_TaskInitTCB
                0x00205f78      0x1b0 ./uCOS-III/Source/os_task.o
                0x00205f78                OS_TaskInitTCB
 .text.OS_TaskReturn
                0x00206128       0x28 ./uCOS-III/Source/os_task.o
                0x00206128                OS_TaskReturn
 .text.OS_TaskChangePrio
                0x00206150      0x148 ./uCOS-III/Source/os_task.o
                0x00206150                OS_TaskChangePrio
 .text.OS_TickTask
                0x00206298       0x74 ./uCOS-III/Source/os_tick.o
                0x00206298                OS_TickTask
 .text.OS_TickTaskInit
                0x0020630c       0xd8 ./uCOS-III/Source/os_tick.o
                0x0020630c                OS_TickTaskInit
 .text.OS_TickListInsert
                0x002063e4      0x12c ./uCOS-III/Source/os_tick.o
                0x002063e4                OS_TickListInsert
 .text.OS_TickListInsertDly
                0x00206510       0xf8 ./uCOS-III/Source/os_tick.o
                0x00206510                OS_TickListInsertDly
 .text.OS_TickListRemove
                0x00206608       0xc8 ./uCOS-III/Source/os_tick.o
                0x00206608                OS_TickListRemove
 .text.OS_TickListUpdateDly
                0x002066d0       0xfc ./uCOS-III/Source/os_tick.o
 .text.OS_TickListUpdateTimeout
                0x002067cc      0x19c ./uCOS-III/Source/os_tick.o
 .text.OSTimeDly
                0x00206968       0xe0 ./uCOS-III/Source/os_time.o
                0x00206968                OSTimeDly
 .text.OSTimeDlyHMSM
                0x00206a48      0x204 ./uCOS-III/Source/os_time.o
                0x00206a48                OSTimeDlyHMSM
 .text.OSTimeGet
                0x00206c4c       0x3c ./uCOS-III/Source/os_time.o
                0x00206c4c                OSTimeGet
 .text.OSTimeTick
                0x00206c88       0x64 ./uCOS-III/Source/os_time.o
                0x00206c88                OSTimeTick
 .text.OS_TmrInit
                0x00206cec      0x138 ./uCOS-III/Source/os_tmr.o
                0x00206cec                OS_TmrInit
 .text.OS_TmrUnlink
                0x00206e24       0x7c ./uCOS-III/Source/os_tmr.o
                0x00206e24                OS_TmrUnlink
 .text.OS_TmrTask
                0x00206ea0       0xd0 ./uCOS-III/Source/os_tmr.o
                0x00206ea0                OS_TmrTask
 .text.OS_TmrLock
                0x00206f70       0x24 ./uCOS-III/Source/os_tmr.o
 .text.OS_TmrUnlock
                0x00206f94       0x20 ./uCOS-III/Source/os_tmr.o
 .text.OSIdleTaskHook
                0x00206fb4       0x1c ./uCOS-III/Ports/ARM-Cortex-M/ARMv7-M/GNU/os_cpu_c.o
                0x00206fb4                OSIdleTaskHook
 .text.OSInitHook
                0x00206fd0       0x38 ./uCOS-III/Ports/ARM-Cortex-M/ARMv7-M/GNU/os_cpu_c.o
                0x00206fd0                OSInitHook
 .text.OSStatTaskHook
                0x00207008       0x1c ./uCOS-III/Ports/ARM-Cortex-M/ARMv7-M/GNU/os_cpu_c.o
                0x00207008                OSStatTaskHook
 .text.OSTaskCreateHook
                0x00207024       0x24 ./uCOS-III/Ports/ARM-Cortex-M/ARMv7-M/GNU/os_cpu_c.o
                0x00207024                OSTaskCreateHook
 .text.OSTaskDelHook
                0x00207048       0x24 ./uCOS-III/Ports/ARM-Cortex-M/ARMv7-M/GNU/os_cpu_c.o
                0x00207048                OSTaskDelHook
 .text.OSTaskReturnHook
                0x0020706c       0x24 ./uCOS-III/Ports/ARM-Cortex-M/ARMv7-M/GNU/os_cpu_c.o
                0x0020706c                OSTaskReturnHook
 .text.OSTaskStkInit
                0x00207090      0x118 ./uCOS-III/Ports/ARM-Cortex-M/ARMv7-M/GNU/os_cpu_c.o
                0x00207090                OSTaskStkInit
 .text.OSTaskSwHook
                0x002071a8       0x90 ./uCOS-III/Ports/ARM-Cortex-M/ARMv7-M/GNU/os_cpu_c.o
                0x002071a8                OSTaskSwHook
 .text.OSTimeTickHook
                0x00207238       0x1c ./uCOS-III/Ports/ARM-Cortex-M/ARMv7-M/GNU/os_cpu_c.o
                0x00207238                OSTimeTickHook
 .text.OS_CPU_SysTickHandler
                0x00207254       0x32 ./uCOS-III/Ports/ARM-Cortex-M/ARMv7-M/GNU/os_cpu_c.o
                0x00207254                OS_CPU_SysTickHandler
 *fill*         0x00207286        0x2 
 .text.OS_CPU_SysTickInitFreq
                0x00207288       0x28 ./uCOS-III/Ports/ARM-Cortex-M/ARMv7-M/GNU/os_cpu_c.o
                0x00207288                OS_CPU_SysTickInitFreq
 .text.OS_CPU_SysTickInit
                0x002072b0       0x54 ./uCOS-III/Ports/ARM-Cortex-M/ARMv7-M/GNU/os_cpu_c.o
                0x002072b0                OS_CPU_SysTickInit
 .text.Math_Init
                0x00207304        0xe ./uC-LIB/lib_math.o
                0x00207304                Math_Init
 *fill*         0x00207312        0x2 
 .text.Math_RandSetSeed
                0x00207314       0x34 ./uC-LIB/lib_math.o
                0x00207314                Math_RandSetSeed
 .text.Mem_Init
                0x00207348       0x4c ./uC-LIB/lib_mem.o
                0x00207348                Mem_Init
 .text.Mem_Clr  0x00207394       0x1c ./uC-LIB/lib_mem.o
                0x00207394                Mem_Clr
 .text.Mem_Set  0x002073b0       0xb4 ./uC-LIB/lib_mem.o
                0x002073b0                Mem_Set
 .text.Mem_SegCreate
                0x00207464       0x46 ./uC-LIB/lib_mem.o
                0x00207464                Mem_SegCreate
 *fill*         0x002074aa        0x2 
 .text.Mem_SegCreateCritical
                0x002074ac       0x48 ./uC-LIB/lib_mem.o
 .text.CPU_Init
                0x002074f4       0x14 ./uC-CPU/cpu_core.o
                0x002074f4                CPU_Init
 .text.CPU_SW_Exception
                0x00207508        0x6 ./uC-CPU/cpu_core.o
                0x00207508                CPU_SW_Exception
 *fill*         0x0020750e        0x2 
 .text.CPU_NameClr
                0x00207510       0x34 ./uC-CPU/cpu_core.o
                0x00207510                CPU_NameClr
 .text.CPU_TS_TmrFreqSet
                0x00207544       0x1c ./uC-CPU/cpu_core.o
                0x00207544                CPU_TS_TmrFreqSet
 .text.CPU_IntDisMeasMaxCurReset
                0x00207560       0x30 ./uC-CPU/cpu_core.o
                0x00207560                CPU_IntDisMeasMaxCurReset
 .text.CPU_IntDisMeasMaxCurGet
                0x00207590       0x34 ./uC-CPU/cpu_core.o
                0x00207590                CPU_IntDisMeasMaxCurGet
 .text.CPU_IntDisMeasMaxGet
                0x002075c4       0x34 ./uC-CPU/cpu_core.o
                0x002075c4                CPU_IntDisMeasMaxGet
 .text.CPU_IntDisMeasStart
                0x002075f8       0x40 ./uC-CPU/cpu_core.o
                0x002075f8                CPU_IntDisMeasStart
 .text.CPU_IntDisMeasStop
                0x00207638       0x6c ./uC-CPU/cpu_core.o
                0x00207638                CPU_IntDisMeasStop
 .text.CPU_StatReset
                0x002076a4       0x18 ./uC-CPU/cpu_core.o
                0x002076a4                CPU_StatReset
 .text.CPU_NameInit
                0x002076bc        0xc ./uC-CPU/cpu_core.o
 .text.CPU_TS_Init
                0x002076c8       0x18 ./uC-CPU/cpu_core.o
 .text.CPU_IntDisMeasInit
                0x002076e0       0xa4 ./uC-CPU/cpu_core.o
 .text.CPU_IntDisMeasMaxCalc
                0x00207784       0x38 ./uC-CPU/cpu_core.o
 .text.HAL_Init
                0x002077bc       0x2c ./hallib/stm32f7xx_hal.o
                0x002077bc                HAL_Init
 .text.HAL_MspInit
                0x002077e8        0xc ./hallib/stm32f7xx_hal.o
                0x002077e8                HAL_MspInit
 .text.HAL_InitTick
                0x002077f4       0x38 ./hallib/stm32f7xx_hal.o
                0x002077f4                HAL_InitTick
 .text.HAL_Delay
                0x0020782c       0x2c ./hallib/stm32f7xx_hal.o
                0x0020782c                HAL_Delay
 .text.HAL_ADC_Init
                0x00207858       0x88 ./hallib/stm32f7xx_hal_adc.o
                0x00207858                HAL_ADC_Init
 .text.HAL_ADC_Start_DMA
                0x002078e0      0x1a0 ./hallib/stm32f7xx_hal_adc.o
                0x002078e0                HAL_ADC_Start_DMA
 .text.HAL_ADC_ConvHalfCpltCallback
                0x00207a80       0x12 ./hallib/stm32f7xx_hal_adc.o
                0x00207a80                HAL_ADC_ConvHalfCpltCallback
 .text.HAL_ADC_ErrorCallback
                0x00207a92       0x12 ./hallib/stm32f7xx_hal_adc.o
                0x00207a92                HAL_ADC_ErrorCallback
 .text.HAL_ADC_ConfigChannel
                0x00207aa4      0x26c ./hallib/stm32f7xx_hal_adc.o
                0x00207aa4                HAL_ADC_ConfigChannel
 .text.ADC_Init
                0x00207d10      0x204 ./hallib/stm32f7xx_hal_adc.o
 .text.ADC_DMAConvCplt
                0x00207f14       0xa6 ./hallib/stm32f7xx_hal_adc.o
 .text.ADC_DMAHalfConvCplt
                0x00207fba       0x1c ./hallib/stm32f7xx_hal_adc.o
 .text.ADC_DMAError
                0x00207fd6       0x2e ./hallib/stm32f7xx_hal_adc.o
 .text.NVIC_SetPriorityGrouping
                0x00208004       0x48 ./hallib/stm32f7xx_hal_cortex.o
 .text.NVIC_GetPriorityGrouping
                0x0020804c       0x1c ./hallib/stm32f7xx_hal_cortex.o
 .text.NVIC_EnableIRQ
                0x00208068       0x30 ./hallib/stm32f7xx_hal_cortex.o
 .text.NVIC_SetPriority
                0x00208098       0x54 ./hallib/stm32f7xx_hal_cortex.o
 .text.NVIC_EncodePriority
                0x002080ec       0x60 ./hallib/stm32f7xx_hal_cortex.o
 .text.SysTick_Config
                0x0020814c       0x44 ./hallib/stm32f7xx_hal_cortex.o
 .text.HAL_NVIC_SetPriorityGrouping
                0x00208190       0x16 ./hallib/stm32f7xx_hal_cortex.o
                0x00208190                HAL_NVIC_SetPriorityGrouping
 .text.HAL_NVIC_SetPriority
                0x002081a6       0x38 ./hallib/stm32f7xx_hal_cortex.o
                0x002081a6                HAL_NVIC_SetPriority
 .text.HAL_NVIC_EnableIRQ
                0x002081de       0x1c ./hallib/stm32f7xx_hal_cortex.o
                0x002081de                HAL_NVIC_EnableIRQ
 .text.HAL_SYSTICK_Config
                0x002081fa       0x18 ./hallib/stm32f7xx_hal_cortex.o
                0x002081fa                HAL_SYSTICK_Config
 *fill*         0x00208212        0x2 
 .text.HAL_DMA_Init
                0x00208214      0x154 ./hallib/stm32f7xx_hal_dma.o
                0x00208214                HAL_DMA_Init
 .text.HAL_DMA_Start_IT
                0x00208368       0xc0 ./hallib/stm32f7xx_hal_dma.o
                0x00208368                HAL_DMA_Start_IT
 .text.HAL_DMA_Abort_IT
                0x00208428       0x42 ./hallib/stm32f7xx_hal_dma.o
                0x00208428                HAL_DMA_Abort_IT
 *fill*         0x0020846a        0x2 
 .text.HAL_DMA_IRQHandler
                0x0020846c      0x320 ./hallib/stm32f7xx_hal_dma.o
                0x0020846c                HAL_DMA_IRQHandler
 .text.DMA_SetConfig
                0x0020878c       0x5a ./hallib/stm32f7xx_hal_dma.o
 *fill*         0x002087e6        0x2 
 .text.DMA_CalcBaseAndBitshift
                0x002087e8       0x68 ./hallib/stm32f7xx_hal_dma.o
 .text.DMA_CheckFifoParam
                0x00208850      0x110 ./hallib/stm32f7xx_hal_dma.o
 .text.HAL_GPIO_Init
                0x00208960      0x354 ./hallib/stm32f7xx_hal_gpio.o
                0x00208960                HAL_GPIO_Init
 .text.HAL_GPIO_ReadPin
                0x00208cb4       0x2e ./hallib/stm32f7xx_hal_gpio.o
                0x00208cb4                HAL_GPIO_ReadPin
 .text.HAL_GPIO_WritePin
                0x00208ce2       0x30 ./hallib/stm32f7xx_hal_gpio.o
                0x00208ce2                HAL_GPIO_WritePin
 .text.HAL_GPIO_TogglePin
                0x00208d12       0x22 ./hallib/stm32f7xx_hal_gpio.o
                0x00208d12                HAL_GPIO_TogglePin
 .text.HAL_LTDC_Init
                0x00208d34      0x1b8 ./hallib/stm32f7xx_hal_ltdc.o
                0x00208d34                HAL_LTDC_Init
 .text.HAL_LTDC_ConfigLayer
                0x00208eec       0x7c ./hallib/stm32f7xx_hal_ltdc.o
                0x00208eec                HAL_LTDC_ConfigLayer
 .text.HAL_LTDC_SetWindowSize
                0x00208f68       0x98 ./hallib/stm32f7xx_hal_ltdc.o
                0x00208f68                HAL_LTDC_SetWindowSize
 .text.HAL_LTDC_SetWindowPosition
                0x00209000       0x8c ./hallib/stm32f7xx_hal_ltdc.o
                0x00209000                HAL_LTDC_SetWindowPosition
 .text.LTDC_SetConfig
                0x0020908c      0x34c ./hallib/stm32f7xx_hal_ltdc.o
 .text.HAL_PWREx_EnableOverDrive
                0x002093d8       0xa0 ./hallib/stm32f7xx_hal_pwr_ex.o
                0x002093d8                HAL_PWREx_EnableOverDrive
 .text.HAL_RCC_OscConfig
                0x00209478      0x56c ./hallib/stm32f7xx_hal_rcc.o
                0x00209478                HAL_RCC_OscConfig
 .text.HAL_RCC_ClockConfig
                0x002099e4      0x1fc ./hallib/stm32f7xx_hal_rcc.o
                0x002099e4                HAL_RCC_ClockConfig
 .text.HAL_RCC_GetSysClockFreq
                0x00209be0       0xfc ./hallib/stm32f7xx_hal_rcc.o
                0x00209be0                HAL_RCC_GetSysClockFreq
 .text.HAL_RCC_GetHCLKFreq
                0x00209cdc       0x14 ./hallib/stm32f7xx_hal_rcc.o
                0x00209cdc                HAL_RCC_GetHCLKFreq
 .text.HAL_RCC_GetPCLK1Freq
                0x00209cf0       0x44 ./hallib/stm32f7xx_hal_rcc.o
                0x00209cf0                HAL_RCC_GetPCLK1Freq
 .text.HAL_RCC_GetPCLK2Freq
                0x00209d34       0x44 ./hallib/stm32f7xx_hal_rcc.o
                0x00209d34                HAL_RCC_GetPCLK2Freq
 .text.HAL_RCCEx_PeriphCLKConfig
                0x00209d78      0xe8c ./hallib/stm32f7xx_hal_rcc_ex.o
                0x00209d78                HAL_RCCEx_PeriphCLKConfig
 .text.HAL_SDRAM_Init
                0x0020ac04       0x68 ./hallib/stm32f7xx_hal_sdram.o
                0x0020ac04                HAL_SDRAM_Init
 .text.HAL_SDRAM_SendCommand
                0x0020ac6c       0x56 ./hallib/stm32f7xx_hal_sdram.o
                0x0020ac6c                HAL_SDRAM_SendCommand
 .text.HAL_SDRAM_ProgramRefreshRate
                0x0020acc2       0x40 ./hallib/stm32f7xx_hal_sdram.o
                0x0020acc2                HAL_SDRAM_ProgramRefreshRate
 .text.HAL_TIM_Base_Init
                0x0020ad02       0x56 ./hallib/stm32f7xx_hal_tim.o
                0x0020ad02                HAL_TIM_Base_Init
 .text.HAL_TIM_Base_Start
                0x0020ad58       0x34 ./hallib/stm32f7xx_hal_tim.o
                0x0020ad58                HAL_TIM_Base_Start
 .text.HAL_TIM_PWM_Init
                0x0020ad8c       0x56 ./hallib/stm32f7xx_hal_tim.o
                0x0020ad8c                HAL_TIM_PWM_Init
 *fill*         0x0020ade2        0x2 
 .text.HAL_TIM_PWM_Start
                0x0020ade4       0x68 ./hallib/stm32f7xx_hal_tim.o
                0x0020ade4                HAL_TIM_PWM_Start
 .text.HAL_TIM_IC_Init
                0x0020ae4c       0x56 ./hallib/stm32f7xx_hal_tim.o
                0x0020ae4c                HAL_TIM_IC_Init
 *fill*         0x0020aea2        0x2 
 .text.HAL_TIM_IC_Start_IT
                0x0020aea4       0xc0 ./hallib/stm32f7xx_hal_tim.o
                0x0020aea4                HAL_TIM_IC_Start_IT
 .text.HAL_TIM_IRQHandler
                0x0020af64      0x23e ./hallib/stm32f7xx_hal_tim.o
                0x0020af64                HAL_TIM_IRQHandler
 .text.HAL_TIM_IC_ConfigChannel
                0x0020b1a2      0x138 ./hallib/stm32f7xx_hal_tim.o
                0x0020b1a2                HAL_TIM_IC_ConfigChannel
 *fill*         0x0020b2da        0x2 
 .text.HAL_TIM_ReadCapturedValue
                0x0020b2dc       0xa4 ./hallib/stm32f7xx_hal_tim.o
                0x0020b2dc                HAL_TIM_ReadCapturedValue
 .text.HAL_TIM_OC_DelayElapsedCallback
                0x0020b380       0x12 ./hallib/stm32f7xx_hal_tim.o
                0x0020b380                HAL_TIM_OC_DelayElapsedCallback
 .text.HAL_TIM_PWM_PulseFinishedCallback
                0x0020b392       0x12 ./hallib/stm32f7xx_hal_tim.o
                0x0020b392                HAL_TIM_PWM_PulseFinishedCallback
 .text.HAL_TIM_TriggerCallback
                0x0020b3a4       0x12 ./hallib/stm32f7xx_hal_tim.o
                0x0020b3a4                HAL_TIM_TriggerCallback
 *fill*         0x0020b3b6        0x2 
 .text.TIM_Base_SetConfig
                0x0020b3b8      0x160 ./hallib/stm32f7xx_hal_tim.o
                0x0020b3b8                TIM_Base_SetConfig
 .text.TIM_OC1_SetConfig
                0x0020b518       0xe8 ./hallib/stm32f7xx_hal_tim.o
                0x0020b518                TIM_OC1_SetConfig
 .text.TIM_OC2_SetConfig
                0x0020b600       0xf4 ./hallib/stm32f7xx_hal_tim.o
                0x0020b600                TIM_OC2_SetConfig
 .text.TIM_OC3_SetConfig
                0x0020b6f4       0xf0 ./hallib/stm32f7xx_hal_tim.o
                0x0020b6f4                TIM_OC3_SetConfig
 .text.TIM_OC4_SetConfig
                0x0020b7e4       0xc4 ./hallib/stm32f7xx_hal_tim.o
                0x0020b7e4                TIM_OC4_SetConfig
 .text.TIM_TI1_SetConfig
                0x0020b8a8       0xec ./hallib/stm32f7xx_hal_tim.o
                0x0020b8a8                TIM_TI1_SetConfig
 .text.TIM_TI2_SetConfig
                0x0020b994       0x80 ./hallib/stm32f7xx_hal_tim.o
 .text.TIM_TI3_SetConfig
                0x0020ba14       0x7e ./hallib/stm32f7xx_hal_tim.o
 .text.TIM_TI4_SetConfig
                0x0020ba92       0x80 ./hallib/stm32f7xx_hal_tim.o
 .text.TIM_CCxChannelCmd
                0x0020bb12       0x44 ./hallib/stm32f7xx_hal_tim.o
                0x0020bb12                TIM_CCxChannelCmd
 *fill*         0x0020bb56        0x2 
 .text.HAL_TIMEx_MasterConfigSynchronization
                0x0020bb58       0xa8 ./hallib/stm32f7xx_hal_tim_ex.o
                0x0020bb58                HAL_TIMEx_MasterConfigSynchronization
 .text.HAL_TIMEx_CommutationCallback
                0x0020bc00       0x12 ./hallib/stm32f7xx_hal_tim_ex.o
                0x0020bc00                HAL_TIMEx_CommutationCallback
 .text.HAL_TIMEx_BreakCallback
                0x0020bc12       0x12 ./hallib/stm32f7xx_hal_tim_ex.o
                0x0020bc12                HAL_TIMEx_BreakCallback
 .text.HAL_TIM_PWM_ConfigChannel
                0x0020bc24      0x230 ./hallib/stm32f7xx_hal_tim_ex.o
                0x0020bc24                HAL_TIM_PWM_ConfigChannel
 .text.TIM_OC5_SetConfig
                0x0020be54       0xb0 ./hallib/stm32f7xx_hal_tim_ex.o
 .text.TIM_OC6_SetConfig
                0x0020bf04       0xb0 ./hallib/stm32f7xx_hal_tim_ex.o
 .text.HAL_UART_Init
                0x0020bfb4       0xa2 ./hallib/stm32f7xx_hal_uart.o
                0x0020bfb4                HAL_UART_Init
 .text.HAL_UART_Transmit
                0x0020c056      0x116 ./hallib/stm32f7xx_hal_uart.o
                0x0020c056                HAL_UART_Transmit
 .text.HAL_UART_IRQHandler
                0x0020c16c      0x20c ./hallib/stm32f7xx_hal_uart.o
                0x0020c16c                HAL_UART_IRQHandler
 .text.UART_WaitOnFlagUntilTimeout
                0x0020c378       0x94 ./hallib/stm32f7xx_hal_uart.o
                0x0020c378                UART_WaitOnFlagUntilTimeout
 .text.UART_DMAAbortOnError
                0x0020c40c       0x2c ./hallib/stm32f7xx_hal_uart.o
 .text.HAL_UART_TxCpltCallback
                0x0020c438       0x12 ./hallib/stm32f7xx_hal_uart.o
                0x0020c438                HAL_UART_TxCpltCallback
 .text.HAL_UART_RxCpltCallback
                0x0020c44a       0x12 ./hallib/stm32f7xx_hal_uart.o
                0x0020c44a                HAL_UART_RxCpltCallback
 .text.HAL_UART_ErrorCallback
                0x0020c45c       0x12 ./hallib/stm32f7xx_hal_uart.o
                0x0020c45c                HAL_UART_ErrorCallback
 .text.UART_Transmit_IT
                0x0020c46e       0xaa ./hallib/stm32f7xx_hal_uart.o
 .text.UART_EndTransmit_IT
                0x0020c518       0x30 ./hallib/stm32f7xx_hal_uart.o
 .text.UART_Receive_IT
                0x0020c548       0xd6 ./hallib/stm32f7xx_hal_uart.o
 .text.UART_EndRxTransfer
                0x0020c61e       0x3a ./hallib/stm32f7xx_hal_uart.o
 .text.UART_SetConfig
                0x0020c658      0x4dc ./hallib/stm32f7xx_hal_uart.o
                0x0020c658                UART_SetConfig
 .text.UART_AdvFeatureConfig
                0x0020cb34      0x142 ./hallib/stm32f7xx_hal_uart.o
                0x0020cb34                UART_AdvFeatureConfig
 .text.UART_CheckIdleState
                0x0020cc76       0x66 ./hallib/stm32f7xx_hal_uart.o
                0x0020cc76                UART_CheckIdleState
 .text.FMC_SDRAM_Init
                0x0020ccdc       0xe0 ./hallib/stm32f7xx_ll_fmc.o
                0x0020ccdc                FMC_SDRAM_Init
 .text.FMC_SDRAM_Timing_Init
                0x0020cdbc       0xfc ./hallib/stm32f7xx_ll_fmc.o
                0x0020cdbc                FMC_SDRAM_Timing_Init
 .text.FMC_SDRAM_SendCommand
                0x0020ceb8       0x78 ./hallib/stm32f7xx_ll_fmc.o
                0x0020ceb8                FMC_SDRAM_SendCommand
 .text.FMC_SDRAM_ProgramRefreshRate
                0x0020cf30       0x24 ./hallib/stm32f7xx_ll_fmc.o
                0x0020cf30                FMC_SDRAM_ProgramRefreshRate
 .text.Reset_Handler
                0x0020cf54       0x50 ./cmsis/startup_stm32f767xx.o
                0x0020cf54                Reset_Handler
 .text.Default_Handler
                0x0020cfa4        0x2 ./cmsis/startup_stm32f767xx.o
                0x0020cfa4                RTC_Alarm_IRQHandler
                0x0020cfa4                TIM8_CC_IRQHandler
                0x0020cfa4                UART8_IRQHandler
                0x0020cfa4                SPI4_IRQHandler
                0x0020cfa4                TIM1_CC_IRQHandler
                0x0020cfa4                DMA2_Stream5_IRQHandler
                0x0020cfa4                JPEG_IRQHandler
                0x0020cfa4                DMA1_Stream5_IRQHandler
                0x0020cfa4                CAN3_RX1_IRQHandler
                0x0020cfa4                PVD_IRQHandler
                0x0020cfa4                TAMP_STAMP_IRQHandler
                0x0020cfa4                CAN2_RX1_IRQHandler
                0x0020cfa4                TIM8_TRG_COM_TIM14_IRQHandler
                0x0020cfa4                DFSDM1_FLT1_IRQHandler
                0x0020cfa4                TIM1_UP_TIM10_IRQHandler
                0x0020cfa4                TIM8_UP_TIM13_IRQHandler
                0x0020cfa4                I2C3_ER_IRQHandler
                0x0020cfa4                DFSDM1_FLT2_IRQHandler
                0x0020cfa4                EXTI0_IRQHandler
                0x0020cfa4                I2C2_EV_IRQHandler
                0x0020cfa4                DMA1_Stream2_IRQHandler
                0x0020cfa4                CAN1_RX0_IRQHandler
                0x0020cfa4                FPU_IRQHandler
                0x0020cfa4                OTG_HS_WKUP_IRQHandler
                0x0020cfa4                CAN3_SCE_IRQHandler
                0x0020cfa4                LTDC_ER_IRQHandler
                0x0020cfa4                CAN2_SCE_IRQHandler
                0x0020cfa4                DMA2_Stream2_IRQHandler
                0x0020cfa4                SPI1_IRQHandler
                0x0020cfa4                TIM6_DAC_IRQHandler
                0x0020cfa4                TIM1_BRK_TIM9_IRQHandler
                0x0020cfa4                DCMI_IRQHandler
                0x0020cfa4                CAN2_RX0_IRQHandler
                0x0020cfa4                DMA2_Stream3_IRQHandler
                0x0020cfa4                SAI2_IRQHandler
                0x0020cfa4                DFSDM1_FLT3_IRQHandler
                0x0020cfa4                USART6_IRQHandler
                0x0020cfa4                CAN3_RX0_IRQHandler
                0x0020cfa4                USART3_IRQHandler
                0x0020cfa4                CAN1_RX1_IRQHandler
                0x0020cfa4                UART5_IRQHandler
                0x0020cfa4                TIM4_IRQHandler
                0x0020cfa4                QUADSPI_IRQHandler
                0x0020cfa4                I2C1_EV_IRQHandler
                0x0020cfa4                DMA1_Stream6_IRQHandler
                0x0020cfa4                DMA1_Stream1_IRQHandler
                0x0020cfa4                UART4_IRQHandler
                0x0020cfa4                RCC_IRQHandler
                0x0020cfa4                TIM8_BRK_TIM12_IRQHandler
                0x0020cfa4                Default_Handler
                0x0020cfa4                CEC_IRQHandler
                0x0020cfa4                EXTI15_10_IRQHandler
                0x0020cfa4                ADC_IRQHandler
                0x0020cfa4                DMA1_Stream7_IRQHandler
                0x0020cfa4                SPI5_IRQHandler
                0x0020cfa4                TIM7_IRQHandler
                0x0020cfa4                SDMMC1_IRQHandler
                0x0020cfa4                CAN2_TX_IRQHandler
                0x0020cfa4                DMA2_Stream7_IRQHandler
                0x0020cfa4                I2C3_EV_IRQHandler
                0x0020cfa4                RTC_WKUP_IRQHandler
                0x0020cfa4                LTDC_IRQHandler
                0x0020cfa4                ETH_WKUP_IRQHandler
                0x0020cfa4                SPDIF_RX_IRQHandler
                0x0020cfa4                SPI2_IRQHandler
                0x0020cfa4                OTG_HS_EP1_IN_IRQHandler
                0x0020cfa4                DMA1_Stream0_IRQHandler
                0x0020cfa4                CAN1_TX_IRQHandler
                0x0020cfa4                EXTI4_IRQHandler
                0x0020cfa4                RNG_IRQHandler
                0x0020cfa4                ETH_IRQHandler
                0x0020cfa4                OTG_HS_EP1_OUT_IRQHandler
                0x0020cfa4                WWDG_IRQHandler
                0x0020cfa4                SPI6_IRQHandler
                0x0020cfa4                MDIOS_IRQHandler
                0x0020cfa4                I2C4_EV_IRQHandler
                0x0020cfa4                CAN3_TX_IRQHandler
                0x0020cfa4                TIM2_IRQHandler
                0x0020cfa4                OTG_FS_WKUP_IRQHandler
                0x0020cfa4                TIM1_TRG_COM_TIM11_IRQHandler
                0x0020cfa4                OTG_HS_IRQHandler
                0x0020cfa4                DMA2D_IRQHandler
                0x0020cfa4                EXTI1_IRQHandler
                0x0020cfa4                SDMMC2_IRQHandler
                0x0020cfa4                UART7_IRQHandler
                0x0020cfa4                DFSDM1_FLT0_IRQHandler
                0x0020cfa4                I2C2_ER_IRQHandler
                0x0020cfa4                DMA2_Stream1_IRQHandler
                0x0020cfa4                CAN1_SCE_IRQHandler
                0x0020cfa4                FLASH_IRQHandler
                0x0020cfa4                DMA2_Stream4_IRQHandler
                0x0020cfa4                USART1_IRQHandler
                0x0020cfa4                OTG_FS_IRQHandler
                0x0020cfa4                SPI3_IRQHandler
                0x0020cfa4                DMA1_Stream4_IRQHandler
                0x0020cfa4                I2C1_ER_IRQHandler
                0x0020cfa4                FMC_IRQHandler
                0x0020cfa4                LPTIM1_IRQHandler
                0x0020cfa4                I2C4_ER_IRQHandler
                0x0020cfa4                DMA2_Stream6_IRQHandler
                0x0020cfa4                SAI1_IRQHandler
                0x0020cfa4                DMA1_Stream3_IRQHandler
 .text.NMI_Handler
                0x0020cfa6        0xc ./cmsis/stm32f7xx_it.o
                0x0020cfa6                NMI_Handler
 .text.HardFault_Handler
                0x0020cfb2        0x6 ./cmsis/stm32f7xx_it.o
                0x0020cfb2                HardFault_Handler
 .text.BusFault_Handler
                0x0020cfb8        0x6 ./cmsis/stm32f7xx_it.o
                0x0020cfb8                BusFault_Handler
 .text.UsageFault_Handler
                0x0020cfbe        0x6 ./cmsis/stm32f7xx_it.o
                0x0020cfbe                UsageFault_Handler
 .text.SVC_Handler
                0x0020cfc4        0xc ./cmsis/stm32f7xx_it.o
                0x0020cfc4                SVC_Handler
 .text.DebugMon_Handler
                0x0020cfd0        0xc ./cmsis/stm32f7xx_it.o
                0x0020cfd0                DebugMon_Handler
 .text.SystemInit
                0x0020cfdc       0x5c ./cmsis/system_stm32f7xx.o
                0x0020cfdc                SystemInit
 .text.main     0x0020d038       0x78 ./UCOS-CONFIG/app_main.o
                0x0020d038                main
 .text.AppTaskStart
                0x0020d0b0       0x4c ./UCOS-CONFIG/app_main.o
 .text.AppTaskCreate
                0x0020d0fc       0xec ./UCOS-CONFIG/app_main.o
 .text.AppTaskObj0
                0x0020d1e8       0x40 ./UCOS-CONFIG/app_main.o
 .text.AppTaskObj1
                0x0020d228       0x40 ./UCOS-CONFIG/app_main.o
 .text.AppTaskDisplay
                0x0020d268      0x378 ./UCOS-CONFIG/app_main.o
 .text.App_OS_SetAllHooks
                0x0020d5e0       0x88 ./UCOS-CONFIG/os_app_hooks.o
                0x0020d5e0                App_OS_SetAllHooks
 .text.App_OS_IdleTaskHook
                0x0020d668        0xc ./UCOS-CONFIG/os_app_hooks.o
                0x0020d668                App_OS_IdleTaskHook
 .text.App_OS_StatTaskHook
                0x0020d674        0xc ./UCOS-CONFIG/os_app_hooks.o
                0x0020d674                App_OS_StatTaskHook
 .text.App_OS_TaskCreateHook
                0x0020d680       0x12 ./UCOS-CONFIG/os_app_hooks.o
                0x0020d680                App_OS_TaskCreateHook
 .text.App_OS_TaskDelHook
                0x0020d692       0x12 ./UCOS-CONFIG/os_app_hooks.o
                0x0020d692                App_OS_TaskDelHook
 .text.App_OS_TaskReturnHook
                0x0020d6a4       0x12 ./UCOS-CONFIG/os_app_hooks.o
                0x0020d6a4                App_OS_TaskReturnHook
 .text.App_OS_TaskSwHook
                0x0020d6b6        0xc ./UCOS-CONFIG/os_app_hooks.o
                0x0020d6b6                App_OS_TaskSwHook
 .text.App_OS_TimeTickHook
                0x0020d6c2        0xc ./UCOS-CONFIG/os_app_hooks.o
                0x0020d6c2                App_OS_TimeTickHook
 *fill*         0x0020d6ce        0x2 
 .text.BSP_Init
                0x0020d6d0       0x4c ./UCOS-BSP/bsp.o
                0x0020d6d0                BSP_Init
 .text.BSP_SystemClkCfg
                0x0020d71c       0xa4 ./UCOS-BSP/bsp_clock.o
                0x0020d71c                BSP_SystemClkCfg
 .text.BSP_ClkFreqGet
                0x0020d7c0       0x58 ./UCOS-BSP/bsp_clock.o
                0x0020d7c0                BSP_ClkFreqGet
 .text.BSP_LED_Init
                0x0020d818       0x50 ./UCOS-BSP/bsp_led.o
                0x0020d818                BSP_LED_Init
 .text.BSP_LED_Off
                0x0020d868       0x50 ./UCOS-BSP/bsp_led.o
                0x0020d868                BSP_LED_Off
 .text.BSP_LED_On
                0x0020d8b8       0x50 ./UCOS-BSP/bsp_led.o
                0x0020d8b8                BSP_LED_On
 .text.BSP_OSTickInit
                0x0020d908       0x1c ./UCOS-BSP/bsp_os.o
                0x0020d908                BSP_OSTickInit
 .text.HAL_GetTick
                0x0020d924       0x1a ./UCOS-BSP/bsp_os.o
                0x0020d924                HAL_GetTick
 *fill*         0x0020d93e        0x2 
 .text.CPU_TS_TmrInit
                0x0020d940       0x74 ./UCOS-BSP/cpu_bsp.o
                0x0020d940                CPU_TS_TmrInit
 .text.CPU_TS_TmrRd
                0x0020d9b4       0x1c ./UCOS-BSP/cpu_bsp.o
                0x0020d9b4                CPU_TS_TmrRd
 .text.__errno  0x0020d9d0        0xc d:/program files/gnu tools arm embedded/6 2017-q1-update/bin/../lib/gcc/arm-none-eabi/6.3.1/../../../../arm-none-eabi/lib/thumb/v7e-m\libg.a(lib_a-errno.o)
                0x0020d9d0                __errno
 .text.__libc_init_array
                0x0020d9dc       0x50 d:/program files/gnu tools arm embedded/6 2017-q1-update/bin/../lib/gcc/arm-none-eabi/6.3.1/../../../../arm-none-eabi/lib/thumb/v7e-m\libg.a(lib_a-init.o)
                0x0020d9dc                __libc_init_array
 .text.memset   0x0020da2c       0x9c d:/program files/gnu tools arm embedded/6 2017-q1-update/bin/../lib/gcc/arm-none-eabi/6.3.1/../../../../arm-none-eabi/lib/thumb/v7e-m\libg.a(lib_a-memset.o)
                0x0020da2c                memset
 .text.sprintf  0x0020dac8       0x4c d:/program files/gnu tools arm embedded/6 2017-q1-update/bin/../lib/gcc/arm-none-eabi/6.3.1/../../../../arm-none-eabi/lib/thumb/v7e-m\libg.a(lib_a-sprintf.o)
                0x0020dac8                sprintf
 .text._svfprintf_r
                0x0020db14     0x144c d:/program files/gnu tools arm embedded/6 2017-q1-update/bin/../lib/gcc/arm-none-eabi/6.3.1/../../../../arm-none-eabi/lib/thumb/v7e-m\libg.a(lib_a-svfprintf.o)
                0x0020db14                _svfprintf_r
 .text.startup.register_fini
                0x0020ef60       0x14 d:/program files/gnu tools arm embedded/6 2017-q1-update/bin/../lib/gcc/arm-none-eabi/6.3.1/../../../../arm-none-eabi/lib/thumb/v7e-m\libg.a(lib_a-__call_atexit.o)
 .text.atexit   0x0020ef74        0xc d:/program files/gnu tools arm embedded/6 2017-q1-update/bin/../lib/gcc/arm-none-eabi/6.3.1/../../../../arm-none-eabi/lib/thumb/v7e-m\libg.a(lib_a-atexit.o)
                0x0020ef74                atexit
 .text.quorem   0x0020ef80      0x128 d:/program files/gnu tools arm embedded/6 2017-q1-update/bin/../lib/gcc/arm-none-eabi/6.3.1/../../../../arm-none-eabi/lib/thumb/v7e-m\libg.a(lib_a-dtoa.o)
 .text._dtoa_r  0x0020f0a8      0xe54 d:/program files/gnu tools arm embedded/6 2017-q1-update/bin/../lib/gcc/arm-none-eabi/6.3.1/../../../../arm-none-eabi/lib/thumb/v7e-m\libg.a(lib_a-dtoa.o)
                0x0020f0a8                _dtoa_r
 .text.__libc_fini_array
                0x0020fefc       0x34 d:/program files/gnu tools arm embedded/6 2017-q1-update/bin/../lib/gcc/arm-none-eabi/6.3.1/../../../../arm-none-eabi/lib/thumb/v7e-m\libg.a(lib_a-fini.o)
                0x0020fefc                __libc_fini_array
 .text._localeconv_r
                0x0020ff30       0x1c d:/program files/gnu tools arm embedded/6 2017-q1-update/bin/../lib/gcc/arm-none-eabi/6.3.1/../../../../arm-none-eabi/lib/thumb/v7e-m\libg.a(lib_a-localeconv.o)
                0x0020ff30                _localeconv_r
 .text.__retarget_lock_acquire_recursive
                0x0020ff4c        0x4 d:/program files/gnu tools arm embedded/6 2017-q1-update/bin/../lib/gcc/arm-none-eabi/6.3.1/../../../../arm-none-eabi/lib/thumb/v7e-m\libg.a(lib_a-lock.o)
                0x0020ff4c                __retarget_lock_acquire_recursive
 .text.__retarget_lock_release_recursive
                0x0020ff50        0x4 d:/program files/gnu tools arm embedded/6 2017-q1-update/bin/../lib/gcc/arm-none-eabi/6.3.1/../../../../arm-none-eabi/lib/thumb/v7e-m\libg.a(lib_a-lock.o)
                0x0020ff50                __retarget_lock_release_recursive
 .text._malloc_r
                0x0020ff54      0x560 d:/program files/gnu tools arm embedded/6 2017-q1-update/bin/../lib/gcc/arm-none-eabi/6.3.1/../../../../arm-none-eabi/lib/thumb/v7e-m\libg.a(lib_a-mallocr.o)
                0x0020ff54                _malloc_r
 .text.__malloc_lock
                0x002104b4        0xc d:/program files/gnu tools arm embedded/6 2017-q1-update/bin/../lib/gcc/arm-none-eabi/6.3.1/../../../../arm-none-eabi/lib/thumb/v7e-m\libg.a(lib_a-mlock.o)
                0x002104b4                __malloc_lock
 .text.__malloc_unlock
                0x002104c0        0xc d:/program files/gnu tools arm embedded/6 2017-q1-update/bin/../lib/gcc/arm-none-eabi/6.3.1/../../../../arm-none-eabi/lib/thumb/v7e-m\libg.a(lib_a-mlock.o)
                0x002104c0                __malloc_unlock
 .text._Balloc  0x002104cc       0x4c d:/program files/gnu tools arm embedded/6 2017-q1-update/bin/../lib/gcc/arm-none-eabi/6.3.1/../../../../arm-none-eabi/lib/thumb/v7e-m\libg.a(lib_a-mprec.o)
                0x002104cc                _Balloc
 .text._Bfree   0x00210518       0x14 d:/program files/gnu tools arm embedded/6 2017-q1-update/bin/../lib/gcc/arm-none-eabi/6.3.1/../../../../arm-none-eabi/lib/thumb/v7e-m\libg.a(lib_a-mprec.o)
                0x00210518                _Bfree
 .text.__multadd
                0x0021052c       0x80 d:/program files/gnu tools arm embedded/6 2017-q1-update/bin/../lib/gcc/arm-none-eabi/6.3.1/../../../../arm-none-eabi/lib/thumb/v7e-m\libg.a(lib_a-mprec.o)
                0x0021052c                __multadd
 .text.__hi0bits
                0x002105ac       0x40 d:/program files/gnu tools arm embedded/6 2017-q1-update/bin/../lib/gcc/arm-none-eabi/6.3.1/../../../../arm-none-eabi/lib/thumb/v7e-m\libg.a(lib_a-mprec.o)
                0x002105ac                __hi0bits
 .text.__lo0bits
                0x002105ec       0x60 d:/program files/gnu tools arm embedded/6 2017-q1-update/bin/../lib/gcc/arm-none-eabi/6.3.1/../../../../arm-none-eabi/lib/thumb/v7e-m\libg.a(lib_a-mprec.o)
                0x002105ec                __lo0bits
 .text.__i2b    0x0021064c       0x14 d:/program files/gnu tools arm embedded/6 2017-q1-update/bin/../lib/gcc/arm-none-eabi/6.3.1/../../../../arm-none-eabi/lib/thumb/v7e-m\libg.a(lib_a-mprec.o)
                0x0021064c                __i2b
 .text.__multiply
                0x00210660      0x124 d:/program files/gnu tools arm embedded/6 2017-q1-update/bin/../lib/gcc/arm-none-eabi/6.3.1/../../../../arm-none-eabi/lib/thumb/v7e-m\libg.a(lib_a-mprec.o)
                0x00210660                __multiply
 .text.__pow5mult
                0x00210784       0xa0 d:/program files/gnu tools arm embedded/6 2017-q1-update/bin/../lib/gcc/arm-none-eabi/6.3.1/../../../../arm-none-eabi/lib/thumb/v7e-m\libg.a(lib_a-mprec.o)
                0x00210784                __pow5mult
 .text.__lshift
                0x00210824       0xa4 d:/program files/gnu tools arm embedded/6 2017-q1-update/bin/../lib/gcc/arm-none-eabi/6.3.1/../../../../arm-none-eabi/lib/thumb/v7e-m\libg.a(lib_a-mprec.o)
                0x00210824                __lshift
 .text.__mcmp   0x002108c8       0x38 d:/program files/gnu tools arm embedded/6 2017-q1-update/bin/../lib/gcc/arm-none-eabi/6.3.1/../../../../arm-none-eabi/lib/thumb/v7e-m\libg.a(lib_a-mprec.o)
                0x002108c8                __mcmp
 .text.__mdiff  0x00210900      0x108 d:/program files/gnu tools arm embedded/6 2017-q1-update/bin/../lib/gcc/arm-none-eabi/6.3.1/../../../../arm-none-eabi/lib/thumb/v7e-m\libg.a(lib_a-mprec.o)
                0x00210900                __mdiff
 .text.__d2b    0x00210a08       0xb8 d:/program files/gnu tools arm embedded/6 2017-q1-update/bin/../lib/gcc/arm-none-eabi/6.3.1/../../../../arm-none-eabi/lib/thumb/v7e-m\libg.a(lib_a-mprec.o)
                0x00210a08                __d2b
 .text._sbrk_r  0x00210ac0       0x24 d:/program files/gnu tools arm embedded/6 2017-q1-update/bin/../lib/gcc/arm-none-eabi/6.3.1/../../../../arm-none-eabi/lib/thumb/v7e-m\libg.a(lib_a-sbrkr.o)
                0x00210ac0                _sbrk_r
 .text.__ssprint_r
                0x00210ae4       0xfc d:/program files/gnu tools arm embedded/6 2017-q1-update/bin/../lib/gcc/arm-none-eabi/6.3.1/../../../../arm-none-eabi/lib/thumb/v7e-m\libg.a(lib_a-svfiprintf.o)
                0x00210ae4                __ssprint_r
 .text.__register_exitproc
                0x00210be0       0xc4 d:/program files/gnu tools arm embedded/6 2017-q1-update/bin/../lib/gcc/arm-none-eabi/6.3.1/../../../../arm-none-eabi/lib/thumb/v7e-m\libg.a(lib_a-__atexit.o)
                0x00210be0                __register_exitproc
 .text._calloc_r
                0x00210ca4       0x60 d:/program files/gnu tools arm embedded/6 2017-q1-update/bin/../lib/gcc/arm-none-eabi/6.3.1/../../../../arm-none-eabi/lib/thumb/v7e-m\libg.a(lib_a-callocr.o)
                0x00210ca4                _calloc_r
 .text._malloc_trim_r
                0x00210d04       0xa0 d:/program files/gnu tools arm embedded/6 2017-q1-update/bin/../lib/gcc/arm-none-eabi/6.3.1/../../../../arm-none-eabi/lib/thumb/v7e-m\libg.a(lib_a-freer.o)
                0x00210d04                _malloc_trim_r
 .text._free_r  0x00210da4      0x1cc d:/program files/gnu tools arm embedded/6 2017-q1-update/bin/../lib/gcc/arm-none-eabi/6.3.1/../../../../arm-none-eabi/lib/thumb/v7e-m\libg.a(lib_a-freer.o)
                0x00210da4                _free_r
 .text.__ascii_mbtowc
                0x00210f70       0x2c d:/program files/gnu tools arm embedded/6 2017-q1-update/bin/../lib/gcc/arm-none-eabi/6.3.1/../../../../arm-none-eabi/lib/thumb/v7e-m\libg.a(lib_a-mbtowc_r.o)
                0x00210f70                __ascii_mbtowc
 .text.memmove  0x00210f9c       0xc8 d:/program files/gnu tools arm embedded/6 2017-q1-update/bin/../lib/gcc/arm-none-eabi/6.3.1/../../../../arm-none-eabi/lib/thumb/v7e-m\libg.a(lib_a-memmove.o)
                0x00210f9c                memmove
 .text._realloc_r
                0x00211064      0x34c d:/program files/gnu tools arm embedded/6 2017-q1-update/bin/../lib/gcc/arm-none-eabi/6.3.1/../../../../arm-none-eabi/lib/thumb/v7e-m\libg.a(lib_a-reallocr.o)
                0x00211064                _realloc_r
 .text.__ascii_wctomb
                0x002113b0       0x1c d:/program files/gnu tools arm embedded/6 2017-q1-update/bin/../lib/gcc/arm-none-eabi/6.3.1/../../../../arm-none-eabi/lib/thumb/v7e-m\libg.a(lib_a-wctomb_r.o)
                0x002113b0                __ascii_wctomb
 *(.glue_7)
 .glue_7        0x002113cc        0x0 linker stubs
 *(.glue_7t)
 .glue_7t       0x002113cc        0x0 linker stubs
 *(.eh_frame)
 .eh_frame      0x002113cc        0x0 d:/program files/gnu tools arm embedded/6 2017-q1-update/bin/../lib/gcc/arm-none-eabi/6.3.1/thumb/v7e-m/crtbegin.o
 *(.init)
 .init          0x002113cc        0x4 d:/program files/gnu tools arm embedded/6 2017-q1-update/bin/../lib/gcc/arm-none-eabi/6.3.1/thumb/v7e-m/crti.o
                0x002113cc                _init
 .init          0x002113d0        0x8 d:/program files/gnu tools arm embedded/6 2017-q1-update/bin/../lib/gcc/arm-none-eabi/6.3.1/thumb/v7e-m/crtn.o
 *(.fini)
 .fini          0x002113d8        0x4 d:/program files/gnu tools arm embedded/6 2017-q1-update/bin/../lib/gcc/arm-none-eabi/6.3.1/thumb/v7e-m/crti.o
                0x002113d8                _fini
 .fini          0x002113dc        0x8 d:/program files/gnu tools arm embedded/6 2017-q1-update/bin/../lib/gcc/arm-none-eabi/6.3.1/thumb/v7e-m/crtn.o
                0x002113e4                . = ALIGN (0x4)
                0x002113e4                _etext = .

.vfp11_veneer   0x002113e4        0x0
 .vfp11_veneer  0x002113e4        0x0 linker stubs

.v4_bx          0x002113e4        0x0
 .v4_bx         0x002113e4        0x0 linker stubs

.iplt           0x002113e4        0x0
 .iplt          0x002113e4        0x0 d:/program files/gnu tools arm embedded/6 2017-q1-update/bin/../lib/gcc/arm-none-eabi/6.3.1/thumb/v7e-m/crtbegin.o

.rodata         0x002113e8    0xc0550
                0x002113e8                . = ALIGN (0x4)
 *(.rodata)
 .rodata        0x002113e8       0x2a ./uCOS-III/Source/os_core.o
 *fill*         0x00211412        0x2 
 .rodata        0x00211414        0xa ./uCOS-III/Source/os_mutex.o
 *fill*         0x0021141e        0x2 
 .rodata        0x00211420       0x14 ./uCOS-III/Source/os_stat.o
 .rodata        0x00211434        0xa ./uCOS-III/Source/os_task.o
 *fill*         0x0021143e        0x2 
 .rodata        0x00211440       0x14 ./uCOS-III/Source/os_tick.o
 .rodata        0x00211454       0x2d ./uCOS-III/Source/os_tmr.o
 *fill*         0x00211481        0x3 
 .rodata        0x00211484       0x3d ./uC-LIB/lib_mem.o
 *fill*         0x002114c1        0x3 
 .rodata        0x002114c4       0xad ./UCOS-CONFIG/app_main.o
 *(.rodata*)
 *fill*         0x00211571        0x3 
 .rodata.asc2_1206
                0x00211574      0x474 ./usr/rgb.o
 .rodata.asc2_1608
                0x002119e8      0x5f0 ./usr/rgb.o
 .rodata.asc2_2412
                0x00211fd8      0xd5c ./usr/rgb.o
 .rodata.asc2_3216
                0x00212d34     0x2f80 ./usr/rgb.o
 .rodata.FT5206_TPX_TBL
                0x00215cb4        0xa ./usr/touch.o
                0x00215cb4                FT5206_TPX_TBL
 *fill*         0x00215cbe        0x2 
 .rodata.OSCfg_IdleTaskStkBasePtr
                0x00215cc0        0x4 ./uCOS-III/Source/os_cfg_app.o
                0x00215cc0                OSCfg_IdleTaskStkBasePtr
 .rodata.OSCfg_IdleTaskStkLimit
                0x00215cc4        0x4 ./uCOS-III/Source/os_cfg_app.o
                0x00215cc4                OSCfg_IdleTaskStkLimit
 .rodata.OSCfg_IdleTaskStkSize
                0x00215cc8        0x4 ./uCOS-III/Source/os_cfg_app.o
                0x00215cc8                OSCfg_IdleTaskStkSize
 .rodata.OSCfg_ISRStkBasePtr
                0x00215ccc        0x4 ./uCOS-III/Source/os_cfg_app.o
                0x00215ccc                OSCfg_ISRStkBasePtr
 .rodata.OSCfg_ISRStkSize
                0x00215cd0        0x4 ./uCOS-III/Source/os_cfg_app.o
                0x00215cd0                OSCfg_ISRStkSize
 .rodata.OSCfg_MsgPoolSize
                0x00215cd4        0x2 ./uCOS-III/Source/os_cfg_app.o
                0x00215cd4                OSCfg_MsgPoolSize
 *fill*         0x00215cd6        0x2 
 .rodata.OSCfg_MsgPoolBasePtr
                0x00215cd8        0x4 ./uCOS-III/Source/os_cfg_app.o
                0x00215cd8                OSCfg_MsgPoolBasePtr
 .rodata.OSCfg_StatTaskPrio
                0x00215cdc        0x1 ./uCOS-III/Source/os_cfg_app.o
                0x00215cdc                OSCfg_StatTaskPrio
 *fill*         0x00215cdd        0x3 
 .rodata.OSCfg_StatTaskRate_Hz
                0x00215ce0        0x4 ./uCOS-III/Source/os_cfg_app.o
                0x00215ce0                OSCfg_StatTaskRate_Hz
 .rodata.OSCfg_StatTaskStkBasePtr
                0x00215ce4        0x4 ./uCOS-III/Source/os_cfg_app.o
                0x00215ce4                OSCfg_StatTaskStkBasePtr
 .rodata.OSCfg_StatTaskStkLimit
                0x00215ce8        0x4 ./uCOS-III/Source/os_cfg_app.o
                0x00215ce8                OSCfg_StatTaskStkLimit
 .rodata.OSCfg_StatTaskStkSize
                0x00215cec        0x4 ./uCOS-III/Source/os_cfg_app.o
                0x00215cec                OSCfg_StatTaskStkSize
 .rodata.OSCfg_StkSizeMin
                0x00215cf0        0x4 ./uCOS-III/Source/os_cfg_app.o
                0x00215cf0                OSCfg_StkSizeMin
 .rodata.OSCfg_TickRate_Hz
                0x00215cf4        0x4 ./uCOS-III/Source/os_cfg_app.o
                0x00215cf4                OSCfg_TickRate_Hz
 .rodata.OSCfg_TickTaskPrio
                0x00215cf8        0x1 ./uCOS-III/Source/os_cfg_app.o
                0x00215cf8                OSCfg_TickTaskPrio
 *fill*         0x00215cf9        0x3 
 .rodata.OSCfg_TickTaskStkBasePtr
                0x00215cfc        0x4 ./uCOS-III/Source/os_cfg_app.o
                0x00215cfc                OSCfg_TickTaskStkBasePtr
 .rodata.OSCfg_TickTaskStkLimit
                0x00215d00        0x4 ./uCOS-III/Source/os_cfg_app.o
                0x00215d00                OSCfg_TickTaskStkLimit
 .rodata.OSCfg_TickTaskStkSize
                0x00215d04        0x4 ./uCOS-III/Source/os_cfg_app.o
                0x00215d04                OSCfg_TickTaskStkSize
 .rodata.OSCfg_TmrTaskPrio
                0x00215d08        0x1 ./uCOS-III/Source/os_cfg_app.o
                0x00215d08                OSCfg_TmrTaskPrio
 *fill*         0x00215d09        0x3 
 .rodata.OSCfg_TmrTaskRate_Hz
                0x00215d0c        0x4 ./uCOS-III/Source/os_cfg_app.o
                0x00215d0c                OSCfg_TmrTaskRate_Hz
 .rodata.OSCfg_TmrTaskStkBasePtr
                0x00215d10        0x4 ./uCOS-III/Source/os_cfg_app.o
                0x00215d10                OSCfg_TmrTaskStkBasePtr
 .rodata.OSCfg_TmrTaskStkLimit
                0x00215d14        0x4 ./uCOS-III/Source/os_cfg_app.o
                0x00215d14                OSCfg_TmrTaskStkLimit
 .rodata.OSCfg_TmrTaskStkSize
                0x00215d18        0x4 ./uCOS-III/Source/os_cfg_app.o
                0x00215d18                OSCfg_TmrTaskStkSize
 .rodata.OSDbg_DbgEn
                0x00215d1c        0x1 ./uCOS-III/Source/os_dbg.o
                0x00215d1c                OSDbg_DbgEn
 .rodata.OSDbg_ArgChkEn
                0x00215d1d        0x1 ./uCOS-III/Source/os_dbg.o
                0x00215d1d                OSDbg_ArgChkEn
 .rodata.OSDbg_AppHooksEn
                0x00215d1e        0x1 ./uCOS-III/Source/os_dbg.o
                0x00215d1e                OSDbg_AppHooksEn
 *fill*         0x00215d1f        0x1 
 .rodata.OSDbg_EndiannessTest
                0x00215d20        0x4 ./uCOS-III/Source/os_dbg.o
                0x00215d20                OSDbg_EndiannessTest
 .rodata.OSDbg_CalledFromISRChkEn
                0x00215d24        0x1 ./uCOS-III/Source/os_dbg.o
                0x00215d24                OSDbg_CalledFromISRChkEn
 .rodata.OSDbg_FlagEn
                0x00215d25        0x1 ./uCOS-III/Source/os_dbg.o
                0x00215d25                OSDbg_FlagEn
 *fill*         0x00215d26        0x2 
 .rodata.OSDbg_FlagGrp
                0x00215d28       0x28 ./uCOS-III/Source/os_dbg.o
                0x00215d28                OSDbg_FlagGrp
 .rodata.OSDbg_FlagDelEn
                0x00215d50        0x1 ./uCOS-III/Source/os_dbg.o
                0x00215d50                OSDbg_FlagDelEn
 .rodata.OSDbg_FlagModeClrEn
                0x00215d51        0x1 ./uCOS-III/Source/os_dbg.o
                0x00215d51                OSDbg_FlagModeClrEn
 .rodata.OSDbg_FlagPendAbortEn
                0x00215d52        0x1 ./uCOS-III/Source/os_dbg.o
                0x00215d52                OSDbg_FlagPendAbortEn
 *fill*         0x00215d53        0x1 
 .rodata.OSDbg_FlagGrpSize
                0x00215d54        0x2 ./uCOS-III/Source/os_dbg.o
                0x00215d54                OSDbg_FlagGrpSize
 .rodata.OSDbg_FlagWidth
                0x00215d56        0x2 ./uCOS-III/Source/os_dbg.o
                0x00215d56                OSDbg_FlagWidth
 .rodata.OSDbg_Mem
                0x00215d58       0x20 ./uCOS-III/Source/os_dbg.o
                0x00215d58                OSDbg_Mem
 .rodata.OSDbg_MemEn
                0x00215d78        0x1 ./uCOS-III/Source/os_dbg.o
                0x00215d78                OSDbg_MemEn
 *fill*         0x00215d79        0x1 
 .rodata.OSDbg_MemSize
                0x00215d7a        0x2 ./uCOS-III/Source/os_dbg.o
                0x00215d7a                OSDbg_MemSize
 .rodata.OSDbg_MsgEn
                0x00215d7c        0x1 ./uCOS-III/Source/os_dbg.o
                0x00215d7c                OSDbg_MsgEn
 *fill*         0x00215d7d        0x1 
 .rodata.OSDbg_MsgSize
                0x00215d7e        0x2 ./uCOS-III/Source/os_dbg.o
                0x00215d7e                OSDbg_MsgSize
 .rodata.OSDbg_MsgPoolSize
                0x00215d80        0x2 ./uCOS-III/Source/os_dbg.o
                0x00215d80                OSDbg_MsgPoolSize
 .rodata.OSDbg_MsgQSize
                0x00215d82        0x2 ./uCOS-III/Source/os_dbg.o
                0x00215d82                OSDbg_MsgQSize
 .rodata.OSDbg_Mutex
                0x00215d84       0x30 ./uCOS-III/Source/os_dbg.o
                0x00215d84                OSDbg_Mutex
 .rodata.OSDbg_MutexEn
                0x00215db4        0x1 ./uCOS-III/Source/os_dbg.o
                0x00215db4                OSDbg_MutexEn
 .rodata.OSDbg_MutexDelEn
                0x00215db5        0x1 ./uCOS-III/Source/os_dbg.o
                0x00215db5                OSDbg_MutexDelEn
 .rodata.OSDbg_MutexPendAbortEn
                0x00215db6        0x1 ./uCOS-III/Source/os_dbg.o
                0x00215db6                OSDbg_MutexPendAbortEn
 *fill*         0x00215db7        0x1 
 .rodata.OSDbg_MutexSize
                0x00215db8        0x2 ./uCOS-III/Source/os_dbg.o
                0x00215db8                OSDbg_MutexSize
 .rodata.OSDbg_ObjTypeChkEn
                0x00215dba        0x1 ./uCOS-III/Source/os_dbg.o
                0x00215dba                OSDbg_ObjTypeChkEn
 *fill*         0x00215dbb        0x1 
 .rodata.OSDbg_PendListSize
                0x00215dbc        0x2 ./uCOS-III/Source/os_dbg.o
                0x00215dbc                OSDbg_PendListSize
 .rodata.OSDbg_PendObjSize
                0x00215dbe        0x2 ./uCOS-III/Source/os_dbg.o
                0x00215dbe                OSDbg_PendObjSize
 .rodata.OSDbg_PrioMax
                0x00215dc0        0x2 ./uCOS-III/Source/os_dbg.o
                0x00215dc0                OSDbg_PrioMax
 .rodata.OSDbg_PrioTblSize
                0x00215dc2        0x2 ./uCOS-III/Source/os_dbg.o
                0x00215dc2                OSDbg_PrioTblSize
 .rodata.OSDbg_PtrSize
                0x00215dc4        0x2 ./uCOS-III/Source/os_dbg.o
                0x00215dc4                OSDbg_PtrSize
 *fill*         0x00215dc6        0x2 
 .rodata.OSDbg_Q
                0x00215dc8       0x30 ./uCOS-III/Source/os_dbg.o
                0x00215dc8                OSDbg_Q
 .rodata.OSDbg_QEn
                0x00215df8        0x1 ./uCOS-III/Source/os_dbg.o
                0x00215df8                OSDbg_QEn
 .rodata.OSDbg_QDelEn
                0x00215df9        0x1 ./uCOS-III/Source/os_dbg.o
                0x00215df9                OSDbg_QDelEn
 .rodata.OSDbg_QFlushEn
                0x00215dfa        0x1 ./uCOS-III/Source/os_dbg.o
                0x00215dfa                OSDbg_QFlushEn
 .rodata.OSDbg_QPendAbortEn
                0x00215dfb        0x1 ./uCOS-III/Source/os_dbg.o
                0x00215dfb                OSDbg_QPendAbortEn
 .rodata.OSDbg_QSize
                0x00215dfc        0x2 ./uCOS-III/Source/os_dbg.o
                0x00215dfc                OSDbg_QSize
 .rodata.OSDbg_SchedRoundRobinEn
                0x00215dfe        0x1 ./uCOS-III/Source/os_dbg.o
                0x00215dfe                OSDbg_SchedRoundRobinEn
 *fill*         0x00215dff        0x1 
 .rodata.OSDbg_Sem
                0x00215e00       0x28 ./uCOS-III/Source/os_dbg.o
                0x00215e00                OSDbg_Sem
 .rodata.OSDbg_SemEn
                0x00215e28        0x1 ./uCOS-III/Source/os_dbg.o
                0x00215e28                OSDbg_SemEn
 .rodata.OSDbg_SemDelEn
                0x00215e29        0x1 ./uCOS-III/Source/os_dbg.o
                0x00215e29                OSDbg_SemDelEn
 .rodata.OSDbg_SemPendAbortEn
                0x00215e2a        0x1 ./uCOS-III/Source/os_dbg.o
                0x00215e2a                OSDbg_SemPendAbortEn
 .rodata.OSDbg_SemSetEn
                0x00215e2b        0x1 ./uCOS-III/Source/os_dbg.o
                0x00215e2b                OSDbg_SemSetEn
 .rodata.OSDbg_SemSize
                0x00215e2c        0x2 ./uCOS-III/Source/os_dbg.o
                0x00215e2c                OSDbg_SemSize
 .rodata.OSDbg_RdyList
                0x00215e2e        0x2 ./uCOS-III/Source/os_dbg.o
                0x00215e2e                OSDbg_RdyList
 .rodata.OSDbg_RdyListSize
                0x00215e30        0x4 ./uCOS-III/Source/os_dbg.o
                0x00215e30                OSDbg_RdyListSize
 .rodata.OSDbg_StkWidth
                0x00215e34        0x1 ./uCOS-III/Source/os_dbg.o
                0x00215e34                OSDbg_StkWidth
 .rodata.OSDbg_StatTaskEn
                0x00215e35        0x1 ./uCOS-III/Source/os_dbg.o
                0x00215e35                OSDbg_StatTaskEn
 .rodata.OSDbg_StatTaskStkChkEn
                0x00215e36        0x1 ./uCOS-III/Source/os_dbg.o
                0x00215e36                OSDbg_StatTaskStkChkEn
 .rodata.OSDbg_TaskChangePrioEn
                0x00215e37        0x1 ./uCOS-III/Source/os_dbg.o
                0x00215e37                OSDbg_TaskChangePrioEn
 .rodata.OSDbg_TaskDelEn
                0x00215e38        0x1 ./uCOS-III/Source/os_dbg.o
                0x00215e38                OSDbg_TaskDelEn
 .rodata.OSDbg_TaskQEn
                0x00215e39        0x1 ./uCOS-III/Source/os_dbg.o
                0x00215e39                OSDbg_TaskQEn
 .rodata.OSDbg_TaskQPendAbortEn
                0x00215e3a        0x1 ./uCOS-III/Source/os_dbg.o
                0x00215e3a                OSDbg_TaskQPendAbortEn
 .rodata.OSDbg_TaskProfileEn
                0x00215e3b        0x1 ./uCOS-III/Source/os_dbg.o
                0x00215e3b                OSDbg_TaskProfileEn
 .rodata.OSDbg_TaskRegTblSize
                0x00215e3c        0x2 ./uCOS-III/Source/os_dbg.o
                0x00215e3c                OSDbg_TaskRegTblSize
 .rodata.OSDbg_TaskSemPendAbortEn
                0x00215e3e        0x1 ./uCOS-III/Source/os_dbg.o
                0x00215e3e                OSDbg_TaskSemPendAbortEn
 .rodata.OSDbg_TaskSuspendEn
                0x00215e3f        0x1 ./uCOS-III/Source/os_dbg.o
                0x00215e3f                OSDbg_TaskSuspendEn
 .rodata.OSDbg_TCBSize
                0x00215e40        0x2 ./uCOS-III/Source/os_dbg.o
                0x00215e40                OSDbg_TCBSize
 .rodata.OSDbg_TickListSize
                0x00215e42        0x2 ./uCOS-III/Source/os_dbg.o
                0x00215e42                OSDbg_TickListSize
 .rodata.OSDbg_TimeDlyHMSMEn
                0x00215e44        0x1 ./uCOS-III/Source/os_dbg.o
                0x00215e44                OSDbg_TimeDlyHMSMEn
 .rodata.OSDbg_TimeDlyResumeEn
                0x00215e45        0x1 ./uCOS-III/Source/os_dbg.o
                0x00215e45                OSDbg_TimeDlyResumeEn
 *fill*         0x00215e46        0x2 
 .rodata.OSDbg_Tmr
                0x00215e48       0x30 ./uCOS-III/Source/os_dbg.o
                0x00215e48                OSDbg_Tmr
 .rodata.OSDbg_TmrEn
                0x00215e78        0x1 ./uCOS-III/Source/os_dbg.o
                0x00215e78                OSDbg_TmrEn
 .rodata.OSDbg_TmrDelEn
                0x00215e79        0x1 ./uCOS-III/Source/os_dbg.o
                0x00215e79                OSDbg_TmrDelEn
 .rodata.OSDbg_TmrSize
                0x00215e7a        0x2 ./uCOS-III/Source/os_dbg.o
                0x00215e7a                OSDbg_TmrSize
 .rodata.OSDbg_VersionNbr
                0x00215e7c        0x2 ./uCOS-III/Source/os_dbg.o
                0x00215e7c                OSDbg_VersionNbr
 *fill*         0x00215e7e        0x2 
 .rodata.OSDbg_DataSize
                0x00215e80        0x4 ./uCOS-III/Source/os_dbg.o
                0x00215e80                OSDbg_DataSize
 .rodata.flagBitshiftOffset.12567
                0x00215e84        0x8 ./hallib/stm32f7xx_hal_dma.o
 .rodata.AHBPrescTable
                0x00215e8c       0x10 ./cmsis/system_stm32f7xx.o
                0x00215e8c                AHBPrescTable
 .rodata.APBPrescTable
                0x00215e9c        0x8 ./cmsis/system_stm32f7xx.o
                0x00215e9c                APBPrescTable
 .rodata.gImage_xiong
                0x00215ea4    0xbb808 ./UCOS-CONFIG/app_main.o
 .rodata._global_impure_ptr
                0x002d16ac        0x4 d:/program files/gnu tools arm embedded/6 2017-q1-update/bin/../lib/gcc/arm-none-eabi/6.3.1/../../../../arm-none-eabi/lib/thumb/v7e-m\libg.a(lib_a-impure.o)
                0x002d16ac                _global_impure_ptr
 .rodata._svfprintf_r.str1.4
                0x002d16b0       0x42 d:/program files/gnu tools arm embedded/6 2017-q1-update/bin/../lib/gcc/arm-none-eabi/6.3.1/../../../../arm-none-eabi/lib/thumb/v7e-m\libg.a(lib_a-svfprintf.o)
 *fill*         0x002d16f2        0x2 
 .rodata.blanks.7228
                0x002d16f4       0x10 d:/program files/gnu tools arm embedded/6 2017-q1-update/bin/../lib/gcc/arm-none-eabi/6.3.1/../../../../arm-none-eabi/lib/thumb/v7e-m\libg.a(lib_a-svfprintf.o)
 .rodata.zeroes.7229
                0x002d1704       0x10 d:/program files/gnu tools arm embedded/6 2017-q1-update/bin/../lib/gcc/arm-none-eabi/6.3.1/../../../../arm-none-eabi/lib/thumb/v7e-m\libg.a(lib_a-svfprintf.o)
 .rodata._dtoa_r.str1.4
                0x002d1714       0x10 d:/program files/gnu tools arm embedded/6 2017-q1-update/bin/../lib/gcc/arm-none-eabi/6.3.1/../../../../arm-none-eabi/lib/thumb/v7e-m\libg.a(lib_a-dtoa.o)
                                 0x12 (size before relaxing)
 *fill*         0x002d1724        0x4 
 .rodata.__mprec_bigtens
                0x002d1728       0x28 d:/program files/gnu tools arm embedded/6 2017-q1-update/bin/../lib/gcc/arm-none-eabi/6.3.1/../../../../arm-none-eabi/lib/thumb/v7e-m\libg.a(lib_a-mprec.o)
                0x002d1728                __mprec_bigtens
 .rodata.__mprec_tens
                0x002d1750       0xc8 d:/program files/gnu tools arm embedded/6 2017-q1-update/bin/../lib/gcc/arm-none-eabi/6.3.1/../../../../arm-none-eabi/lib/thumb/v7e-m\libg.a(lib_a-mprec.o)
                0x002d1750                __mprec_tens
 .rodata.p05.6060
                0x002d1818        0xc d:/program files/gnu tools arm embedded/6 2017-q1-update/bin/../lib/gcc/arm-none-eabi/6.3.1/../../../../arm-none-eabi/lib/thumb/v7e-m\libg.a(lib_a-mprec.o)
 .rodata._setlocale_r.str1.4
                0x002d1824        0xa d:/program files/gnu tools arm embedded/6 2017-q1-update/bin/../lib/gcc/arm-none-eabi/6.3.1/../../../../arm-none-eabi/lib/thumb/v7e-m\libg.a(lib_a-locale.o)
                                  0xd (size before relaxing)
 *fill*         0x002d182e        0x2 
 .rodata.str1.4
                0x002d1830        0x4 d:/program files/gnu tools arm embedded/6 2017-q1-update/bin/../lib/gcc/arm-none-eabi/6.3.1/../../../../arm-none-eabi/lib/thumb/v7e-m\libg.a(lib_a-locale.o)
                                  0x2 (size before relaxing)
 .rodata._ctype_
                0x002d1834      0x101 d:/program files/gnu tools arm embedded/6 2017-q1-update/bin/../lib/gcc/arm-none-eabi/6.3.1/../../../../arm-none-eabi/lib/thumb/v7e-m\libg.a(lib_a-ctype_.o)
                0x002d1834                _ctype_
                0x002d1938                . = ALIGN (0x4)
 *fill*         0x002d1935        0x3 

.ARM.extab
 *(.ARM.extab* .gnu.linkonce.armextab.*)

.ARM            0x002d1938        0x8
                0x002d1938                __exidx_start = .
 *(.ARM.exidx*)
 .ARM.exidx     0x002d1938        0x8 d:/program files/gnu tools arm embedded/6 2017-q1-update/bin/../lib/gcc/arm-none-eabi/6.3.1/thumb/v7e-m\libgcc.a(_udivmoddi4.o)
                0x002d1940                __exidx_end = .

.rel.dyn        0x002d1940        0x0
 .rel.iplt      0x002d1940        0x0 d:/program files/gnu tools arm embedded/6 2017-q1-update/bin/../lib/gcc/arm-none-eabi/6.3.1/thumb/v7e-m/crtbegin.o

.preinit_array  0x002d1940        0x0
                0x002d1940                PROVIDE (__preinit_array_start, .)
 *(.preinit_array*)
                0x002d1940                PROVIDE (__preinit_array_end, .)

.init_array     0x002d1940        0x8
                0x002d1940                PROVIDE (__init_array_start, .)
 *(SORT(.init_array.*))
 .init_array.00000
                0x002d1940        0x4 d:/program files/gnu tools arm embedded/6 2017-q1-update/bin/../lib/gcc/arm-none-eabi/6.3.1/../../../../arm-none-eabi/lib/thumb/v7e-m\libg.a(lib_a-__call_atexit.o)
 *(.init_array*)
 .init_array    0x002d1944        0x4 d:/program files/gnu tools arm embedded/6 2017-q1-update/bin/../lib/gcc/arm-none-eabi/6.3.1/thumb/v7e-m/crtbegin.o
                0x002d1948                PROVIDE (__init_array_end, .)

.fini_array     0x002d1948        0x4
                0x002d1948                PROVIDE (__fini_array_start, .)
 *(SORT(.fini_array.*))
 *(.fini_array*)
 .fini_array    0x002d1948        0x4 d:/program files/gnu tools arm embedded/6 2017-q1-update/bin/../lib/gcc/arm-none-eabi/6.3.1/thumb/v7e-m/crtbegin.o
                0x002d194c                PROVIDE (__fini_array_end, .)
                0x002d194c                _sidata = LOADADDR (.data)

.data           0x20000000      0x9d8 load address 0x002d194c
                0x20000000                . = ALIGN (0x4)
                0x20000000                _sdata = .
 *(.data)
 *(.data*)
 .data.POINT_COLOR
                0x20000000        0x4 ./usr/rgb.o
                0x20000000                POINT_COLOR
 .data.BACK_COLOR
                0x20000004        0x4 ./usr/rgb.o
                0x20000004                BACK_COLOR
 .data.tp_dev   0x20000008       0x20 ./usr/touch.o
                0x20000008                tp_dev
 .data.SystemCoreClock
                0x20000028        0x4 ./cmsis/system_stm32f7xx.o
                0x20000028                SystemCoreClock
 .data._impure_ptr
                0x2000002c        0x4 d:/program files/gnu tools arm embedded/6 2017-q1-update/bin/../lib/gcc/arm-none-eabi/6.3.1/../../../../arm-none-eabi/lib/thumb/v7e-m\libg.a(lib_a-impure.o)
                0x2000002c                _impure_ptr
 .data.impure_data
                0x20000030      0x428 d:/program files/gnu tools arm embedded/6 2017-q1-update/bin/../lib/gcc/arm-none-eabi/6.3.1/../../../../arm-none-eabi/lib/thumb/v7e-m\libg.a(lib_a-impure.o)
 .data.__atexit_recursive_mutex
                0x20000458        0x4 d:/program files/gnu tools arm embedded/6 2017-q1-update/bin/../lib/gcc/arm-none-eabi/6.3.1/../../../../arm-none-eabi/lib/thumb/v7e-m\libg.a(lib_a-__call_atexit.o)
                0x20000458                __atexit_recursive_mutex
 .data.__malloc_av_
                0x2000045c      0x408 d:/program files/gnu tools arm embedded/6 2017-q1-update/bin/../lib/gcc/arm-none-eabi/6.3.1/../../../../arm-none-eabi/lib/thumb/v7e-m\libg.a(lib_a-mallocr.o)
                0x2000045c                __malloc_av_
 .data.__malloc_sbrk_base
                0x20000864        0x4 d:/program files/gnu tools arm embedded/6 2017-q1-update/bin/../lib/gcc/arm-none-eabi/6.3.1/../../../../arm-none-eabi/lib/thumb/v7e-m\libg.a(lib_a-mallocr.o)
                0x20000864                __malloc_sbrk_base
 .data.__malloc_trim_threshold
                0x20000868        0x4 d:/program files/gnu tools arm embedded/6 2017-q1-update/bin/../lib/gcc/arm-none-eabi/6.3.1/../../../../arm-none-eabi/lib/thumb/v7e-m\libg.a(lib_a-mallocr.o)
                0x20000868                __malloc_trim_threshold
 .data.__global_locale
                0x2000086c      0x16c d:/program files/gnu tools arm embedded/6 2017-q1-update/bin/../lib/gcc/arm-none-eabi/6.3.1/../../../../arm-none-eabi/lib/thumb/v7e-m\libg.a(lib_a-locale.o)